19:15:56 **** Incremental Build of configuration Debug for project arm0 ****
make pre-build main-build 
a9-linaro-pre-build-step
' '
make: Nothing to be done for 'main-build'.
19:15:59 **** Incremental Build of configuration Debug for project arm0 ****
make pre-build main-build 
a9-linaro-pre-build-step
' '
make: Nothing to be done for 'main-build'.
19:17:11 **** Incremental Build of configuration Debug for project arm0 ****
make pre-build main-build 
a9-linaro-pre-build-step
' '
make: Nothing to be done for 'main-build'.
19:18:00 **** Incremental Build of configuration Debug for project arm0 ****
make pre-build main-build 
a9-linaro-pre-build-step
' '
make: Nothing to be done for 'main-build'.
19:23:38 **** Clean-only build of project arm0_bsp ****
make -k clean 
make -C ps7_cortexa9_0/libsrc/coresightps_dcc_v1_5/src -s clean 
make -C ps7_cortexa9_0/libsrc/cpu_cortexa9_v2_7/src -s clean 
make -C ps7_cortexa9_0/libsrc/ddrps_v1_0/src -s clean 
make -C ps7_cortexa9_0/libsrc/devcfg_v3_5/src -s clean 
make -C ps7_cortexa9_0/libsrc/dmaps_v2_4/src -s clean 
make -C ps7_cortexa9_0/libsrc/emacps_v3_9/src -s clean 
make -C ps7_cortexa9_0/libsrc/gpiops_v3_5/src -s clean 
make -C ps7_cortexa9_0/libsrc/motorEncoder_v1_0/src -s clean 
rm: cannot lstat `*.o': Invalid argument
make[1]: *** [Makefile:26: clean] Error 1
make: *** [Makefile:33: ps7_cortexa9_0/libsrc/motorEncoder_v1_0/src/make.clean] Error 2
make -C ps7_cortexa9_0/libsrc/motorPWM_v1_0/src -s clean 
rm: cannot lstat `*.o': Invalid argument
make[1]: *** [Makefile:26: clean] Error 1
make: *** [Makefile:33: ps7_cortexa9_0/libsrc/motorPWM_v1_0/src/make.clean] Error 2
make -C ps7_cortexa9_0/libsrc/qspips_v3_6/src -s clean 
make -C ps7_cortexa9_0/libsrc/scugic_v4_0/src -s clean 
make -C ps7_cortexa9_0/libsrc/scutimer_v2_1/src -s clean 
make -C ps7_cortexa9_0/libsrc/scuwdt_v2_1/src -s clean 
make -C ps7_cortexa9_0/libsrc/sdps_v3_7/src -s clean 
make -C ps7_cortexa9_0/libsrc/servoz3_v1_0/src -s clean 
rm: cannot lstat `*.o': Invalid argument
make[1]: *** [Makefile:26: clean] Error 1
make: *** [Makefile:33: ps7_cortexa9_0/libsrc/servoz3_v1_0/src/make.clean] Error 2
make -C ps7_cortexa9_0/libsrc/standalone_v7_0/src -s clean 
make -C ps7_cortexa9_0/libsrc/sysmon_v7_5/src -s clean 
make -C ps7_cortexa9_0/libsrc/uartlite_v3_2/src -s clean 
make -C ps7_cortexa9_0/libsrc/uartps_v3_7/src -s clean 
make -C ps7_cortexa9_0/libsrc/usbps_v2_4/src -s clean 
make -C ps7_cortexa9_0/libsrc/xadcps_v2_3/src -s clean 
make: Target 'clean' not remade because of errors.
19:23:39 **** Clean-only build of project sanityCheck_bsp ****
make -k clean 
make -C ps7_cortexa9_0/libsrc/coresightps_dcc_v1_5/src -s clean 
make -C ps7_cortexa9_0/libsrc/cpu_cortexa9_v2_7/src -s clean 
make -C ps7_cortexa9_0/libsrc/ddrps_v1_0/src -s clean 
make -C ps7_cortexa9_0/libsrc/devcfg_v3_5/src -s clean 
make -C ps7_cortexa9_0/libsrc/dmaps_v2_4/src -s clean 
make -C ps7_cortexa9_0/libsrc/emacps_v3_9/src -s clean 
make -C ps7_cortexa9_0/libsrc/gpiops_v3_5/src -s clean 
make -C ps7_cortexa9_0/libsrc/motorEncoder_v1_0/src -s clean 
rm: cannot lstat `*.o': Invalid argument
make[1]: *** [Makefile:26: clean] Error 1
make: *** [Makefile:33: ps7_cortexa9_0/libsrc/motorEncoder_v1_0/src/make.clean] Error 2
make -C ps7_cortexa9_0/libsrc/motorPWM_v1_0/src -s clean 
rm: cannot lstat `*.o': Invalid argument
make[1]: *** [Makefile:26: clean] Error 1
make: *** [Makefile:33: ps7_cortexa9_0/libsrc/motorPWM_v1_0/src/make.clean] Error 2
make -C ps7_cortexa9_0/libsrc/qspips_v3_6/src -s clean 
make -C ps7_cortexa9_0/libsrc/scugic_v4_0/src -s clean 
make -C ps7_cortexa9_0/libsrc/scutimer_v2_1/src -s clean 
make -C ps7_cortexa9_0/libsrc/scuwdt_v2_1/src -s clean 
make -C ps7_cortexa9_0/libsrc/sdps_v3_7/src -s clean 
make -C ps7_cortexa9_0/libsrc/servoz3_v1_0/src -s clean 
rm: cannot lstat `*.o': Invalid argument
make[1]: *** [Makefile:26: clean] Error 1
make: *** [Makefile:33: ps7_cortexa9_0/libsrc/servoz3_v1_0/src/make.clean] Error 2
make -C ps7_cortexa9_0/libsrc/standalone_v7_0/src -s clean 
make -C ps7_cortexa9_0/libsrc/sysmon_v7_5/src -s clean 
make -C ps7_cortexa9_0/libsrc/uartlite_v3_2/src -s clean 
make -C ps7_cortexa9_0/libsrc/uartps_v3_7/src -s clean 
make -C ps7_cortexa9_0/libsrc/usbps_v2_4/src -s clean 
make -C ps7_cortexa9_0/libsrc/xadcps_v2_3/src -s clean 
make: Target 'clean' not remade because of errors.
19:23:41 **** Clean-only build of configuration Debug for project arm0 ****
make clean 
rm -rf  ./src/driveMotorTest.o ./src/driveMotor_utilities.o ./src/pid.o ./src/servoMotor_utilities.o ./src/system.o  ./src/driveMotorTest.d ./src/driveMotor_utilities.d ./src/pid.d ./src/servoMotor_utilities.d ./src/system.d  arm0.elf.size  arm0.elf
' '
19:23:41 **** Clean-only build of configuration Debug for project sanityCheck ****
make clean 
rm -rf  ./src/helloworld.o ./src/platform.o  ./src/helloworld.d ./src/platform.d  sanityCheck.elf.size  sanityCheck.elf
' '
19:23:41 **** Build of project arm0_bsp ****
make -k all 
"Running Make include in ps7_cortexa9_0/libsrc/coresightps_dcc_v1_5/src"
make -C ps7_cortexa9_0/libsrc/coresightps_dcc_v1_5/src -s include  "SHELL=CMD" "COMPILER=arm-none-eabi-gcc" "ARCHIVER=arm-none-eabi-ar" "COMPILER_FLAGS=  -O2 -c" "EXTRA_COMPILER_FLAGS=-mcpu=cortex-a9 -mfpu=vfpv3 -mfloat-abi=hard -nostartfiles -g -Wall -Wextra"
"Running Make include in ps7_cortexa9_0/libsrc/cpu_cortexa9_v2_7/src"
make -C ps7_cortexa9_0/libsrc/cpu_cortexa9_v2_7/src -s include  "SHELL=CMD" "COMPILER=arm-none-eabi-gcc" "ARCHIVER=arm-none-eabi-ar" "COMPILER_FLAGS=  -O2 -c" "EXTRA_COMPILER_FLAGS=-mcpu=cortex-a9 -mfpu=vfpv3 -mfloat-abi=hard -nostartfiles -g -Wall -Wextra"
"Running Make include in ps7_cortexa9_0/libsrc/ddrps_v1_0/src"
make -C ps7_cortexa9_0/libsrc/ddrps_v1_0/src -s include  "SHELL=CMD" "COMPILER=arm-none-eabi-gcc" "ARCHIVER=arm-none-eabi-ar" "COMPILER_FLAGS=  -O2 -c" "EXTRA_COMPILER_FLAGS=-mcpu=cortex-a9 -mfpu=vfpv3 -mfloat-abi=hard -nostartfiles -g -Wall -Wextra"
"Running Make include in ps7_cortexa9_0/libsrc/devcfg_v3_5/src"
make -C ps7_cortexa9_0/libsrc/devcfg_v3_5/src -s include  "SHELL=CMD" "COMPILER=arm-none-eabi-gcc" "ARCHIVER=arm-none-eabi-ar" "COMPILER_FLAGS=  -O2 -c" "EXTRA_COMPILER_FLAGS=-mcpu=cortex-a9 -mfpu=vfpv3 -mfloat-abi=hard -nostartfiles -g -Wall -Wextra"
"Running Make include in ps7_cortexa9_0/libsrc/dmaps_v2_4/src"
make -C ps7_cortexa9_0/libsrc/dmaps_v2_4/src -s include  "SHELL=CMD" "COMPILER=arm-none-eabi-gcc" "ARCHIVER=arm-none-eabi-ar" "COMPILER_FLAGS=  -O2 -c" "EXTRA_COMPILER_FLAGS=-mcpu=cortex-a9 -mfpu=vfpv3 -mfloat-abi=hard -nostartfiles -g -Wall -Wextra"
"Running Make include in ps7_cortexa9_0/libsrc/emacps_v3_9/src"
make -C ps7_cortexa9_0/libsrc/emacps_v3_9/src -s include  "SHELL=CMD" "COMPILER=arm-none-eabi-gcc" "ARCHIVER=arm-none-eabi-ar" "COMPILER_FLAGS=  -O2 -c" "EXTRA_COMPILER_FLAGS=-mcpu=cortex-a9 -mfpu=vfpv3 -mfloat-abi=hard -nostartfiles -g -Wall -Wextra"
"Running Make include in ps7_cortexa9_0/libsrc/gpiops_v3_5/src"
make -C ps7_cortexa9_0/libsrc/gpiops_v3_5/src -s include  "SHELL=CMD" "COMPILER=arm-none-eabi-gcc" "ARCHIVER=arm-none-eabi-ar" "COMPILER_FLAGS=  -O2 -c" "EXTRA_COMPILER_FLAGS=-mcpu=cortex-a9 -mfpu=vfpv3 -mfloat-abi=hard -nostartfiles -g -Wall -Wextra"
"Running Make include in ps7_cortexa9_0/libsrc/motorEncoder_v1_0/src"
make -C ps7_cortexa9_0/libsrc/motorEncoder_v1_0/src -s include  "SHELL=CMD" "COMPILER=arm-none-eabi-gcc" "ARCHIVER=arm-none-eabi-ar" "COMPILER_FLAGS=  -O2 -c" "EXTRA_COMPILER_FLAGS=-mcpu=cortex-a9 -mfpu=vfpv3 -mfloat-abi=hard -nostartfiles -g -Wall -Wextra"
"Running Make include in ps7_cortexa9_0/libsrc/motorPWM_v1_0/src"
make -C ps7_cortexa9_0/libsrc/motorPWM_v1_0/src -s include  "SHELL=CMD" "COMPILER=arm-none-eabi-gcc" "ARCHIVER=arm-none-eabi-ar" "COMPILER_FLAGS=  -O2 -c" "EXTRA_COMPILER_FLAGS=-mcpu=cortex-a9 -mfpu=vfpv3 -mfloat-abi=hard -nostartfiles -g -Wall -Wextra"
"Running Make include in ps7_cortexa9_0/libsrc/qspips_v3_6/src"
make -C ps7_cortexa9_0/libsrc/qspips_v3_6/src -s include  "SHELL=CMD" "COMPILER=arm-none-eabi-gcc" "ARCHIVER=arm-none-eabi-ar" "COMPILER_FLAGS=  -O2 -c" "EXTRA_COMPILER_FLAGS=-mcpu=cortex-a9 -mfpu=vfpv3 -mfloat-abi=hard -nostartfiles -g -Wall -Wextra"
"Running Make include in ps7_cortexa9_0/libsrc/scugic_v4_0/src"
make -C ps7_cortexa9_0/libsrc/scugic_v4_0/src -s include  "SHELL=CMD" "COMPILER=arm-none-eabi-gcc" "ARCHIVER=arm-none-eabi-ar" "COMPILER_FLAGS=  -O2 -c" "EXTRA_COMPILER_FLAGS=-mcpu=cortex-a9 -mfpu=vfpv3 -mfloat-abi=hard -nostartfiles -g -Wall -Wextra"
"Running Make include in ps7_cortexa9_0/libsrc/scutimer_v2_1/src"
make -C ps7_cortexa9_0/libsrc/scutimer_v2_1/src -s include  "SHELL=CMD" "COMPILER=arm-none-eabi-gcc" "ARCHIVER=arm-none-eabi-ar" "COMPILER_FLAGS=  -O2 -c" "EXTRA_COMPILER_FLAGS=-mcpu=cortex-a9 -mfpu=vfpv3 -mfloat-abi=hard -nostartfiles -g -Wall -Wextra"
"Running Make include in ps7_cortexa9_0/libsrc/scuwdt_v2_1/src"
make -C ps7_cortexa9_0/libsrc/scuwdt_v2_1/src -s include  "SHELL=CMD" "COMPILER=arm-none-eabi-gcc" "ARCHIVER=arm-none-eabi-ar" "COMPILER_FLAGS=  -O2 -c" "EXTRA_COMPILER_FLAGS=-mcpu=cortex-a9 -mfpu=vfpv3 -mfloat-abi=hard -nostartfiles -g -Wall -Wextra"
"Running Make include in ps7_cortexa9_0/libsrc/sdps_v3_7/src"
make -C ps7_cortexa9_0/libsrc/sdps_v3_7/src -s include  "SHELL=CMD" "COMPILER=arm-none-eabi-gcc" "ARCHIVER=arm-none-eabi-ar" "COMPILER_FLAGS=  -O2 -c" "EXTRA_COMPILER_FLAGS=-mcpu=cortex-a9 -mfpu=vfpv3 -mfloat-abi=hard -nostartfiles -g -Wall -Wextra"
"Running Make include in ps7_cortexa9_0/libsrc/servoz3_v1_0/src"
make -C ps7_cortexa9_0/libsrc/servoz3_v1_0/src -s include  "SHELL=CMD" "COMPILER=arm-none-eabi-gcc" "ARCHIVER=arm-none-eabi-ar" "COMPILER_FLAGS=  -O2 -c" "EXTRA_COMPILER_FLAGS=-mcpu=cortex-a9 -mfpu=vfpv3 -mfloat-abi=hard -nostartfiles -g -Wall -Wextra"
"Running Make include in ps7_cortexa9_0/libsrc/standalone_v7_0/src"
make -C ps7_cortexa9_0/libsrc/standalone_v7_0/src -s include  "SHELL=CMD" "COMPILER=arm-none-eabi-gcc" "ARCHIVER=arm-none-eabi-ar" "COMPILER_FLAGS=  -O2 -c" "EXTRA_COMPILER_FLAGS=-mcpu=cortex-a9 -mfpu=vfpv3 -mfloat-abi=hard -nostartfiles -g -Wall -Wextra"
"Running Make include in ps7_cortexa9_0/libsrc/sysmon_v7_5/src"
make -C ps7_cortexa9_0/libsrc/sysmon_v7_5/src -s include  "SHELL=CMD" "COMPILER=arm-none-eabi-gcc" "ARCHIVER=arm-none-eabi-ar" "COMPILER_FLAGS=  -O2 -c" "EXTRA_COMPILER_FLAGS=-mcpu=cortex-a9 -mfpu=vfpv3 -mfloat-abi=hard -nostartfiles -g -Wall -Wextra"
"Running Make include in ps7_cortexa9_0/libsrc/uartlite_v3_2/src"
make -C ps7_cortexa9_0/libsrc/uartlite_v3_2/src -s include  "SHELL=CMD" "COMPILER=arm-none-eabi-gcc" "ARCHIVER=arm-none-eabi-ar" "COMPILER_FLAGS=  -O2 -c" "EXTRA_COMPILER_FLAGS=-mcpu=cortex-a9 -mfpu=vfpv3 -mfloat-abi=hard -nostartfiles -g -Wall -Wextra"
"Running Make include in ps7_cortexa9_0/libsrc/uartps_v3_7/src"
make -C ps7_cortexa9_0/libsrc/uartps_v3_7/src -s include  "SHELL=CMD" "COMPILER=arm-none-eabi-gcc" "ARCHIVER=arm-none-eabi-ar" "COMPILER_FLAGS=  -O2 -c" "EXTRA_COMPILER_FLAGS=-mcpu=cortex-a9 -mfpu=vfpv3 -mfloat-abi=hard -nostartfiles -g -Wall -Wextra"
"Running Make include in ps7_cortexa9_0/libsrc/usbps_v2_4/src"
make -C ps7_cortexa9_0/libsrc/usbps_v2_4/src -s include  "SHELL=CMD" "COMPILER=arm-none-eabi-gcc" "ARCHIVER=arm-none-eabi-ar" "COMPILER_FLAGS=  -O2 -c" "EXTRA_COMPILER_FLAGS=-mcpu=cortex-a9 -mfpu=vfpv3 -mfloat-abi=hard -nostartfiles -g -Wall -Wextra"
"Running Make include in ps7_cortexa9_0/libsrc/xadcps_v2_3/src"
make -C ps7_cortexa9_0/libsrc/xadcps_v2_3/src -s include  "SHELL=CMD" "COMPILER=arm-none-eabi-gcc" "ARCHIVER=arm-none-eabi-ar" "COMPILER_FLAGS=  -O2 -c" "EXTRA_COMPILER_FLAGS=-mcpu=cortex-a9 -mfpu=vfpv3 -mfloat-abi=hard -nostartfiles -g -Wall -Wextra"
"Running Make libs in ps7_cortexa9_0/libsrc/coresightps_dcc_v1_5/src"
make -C ps7_cortexa9_0/libsrc/coresightps_dcc_v1_5/src -s libs  "SHELL=CMD" "COMPILER=arm-none-eabi-gcc" "ARCHIVER=arm-none-eabi-ar" "COMPILER_FLAGS=  -O2 -c" "EXTRA_COMPILER_FLAGS=-mcpu=cortex-a9 -mfpu=vfpv3 -mfloat-abi=hard -nostartfiles -g -Wall -Wextra"
"Compiling coresightps_dcc"
arm-none-eabi-ar: creating ../../../lib/libxil.a
"Running Make libs in ps7_cortexa9_0/libsrc/cpu_cortexa9_v2_7/src"
make -C ps7_cortexa9_0/libsrc/cpu_cortexa9_v2_7/src -s libs  "SHELL=CMD" "COMPILER=arm-none-eabi-gcc" "ARCHIVER=arm-none-eabi-ar" "COMPILER_FLAGS=  -O2 -c" "EXTRA_COMPILER_FLAGS=-mcpu=cortex-a9 -mfpu=vfpv3 -mfloat-abi=hard -nostartfiles -g -Wall -Wextra"
"Compiling cpu_cortexa9"
"Running Make libs in ps7_cortexa9_0/libsrc/ddrps_v1_0/src"
make -C ps7_cortexa9_0/libsrc/ddrps_v1_0/src -s libs  "SHELL=CMD" "COMPILER=arm-none-eabi-gcc" "ARCHIVER=arm-none-eabi-ar" "COMPILER_FLAGS=  -O2 -c" "EXTRA_COMPILER_FLAGS=-mcpu=cortex-a9 -mfpu=vfpv3 -mfloat-abi=hard -nostartfiles -g -Wall -Wextra"
"Compiling ddrps"
"Running Make libs in ps7_cortexa9_0/libsrc/devcfg_v3_5/src"
make -C ps7_cortexa9_0/libsrc/devcfg_v3_5/src -s libs  "SHELL=CMD" "COMPILER=arm-none-eabi-gcc" "ARCHIVER=arm-none-eabi-ar" "COMPILER_FLAGS=  -O2 -c" "EXTRA_COMPILER_FLAGS=-mcpu=cortex-a9 -mfpu=vfpv3 -mfloat-abi=hard -nostartfiles -g -Wall -Wextra"
"Compiling devcfg"
"Running Make libs in ps7_cortexa9_0/libsrc/dmaps_v2_4/src"
make -C ps7_cortexa9_0/libsrc/dmaps_v2_4/src -s libs  "SHELL=CMD" "COMPILER=arm-none-eabi-gcc" "ARCHIVER=arm-none-eabi-ar" "COMPILER_FLAGS=  -O2 -c" "EXTRA_COMPILER_FLAGS=-mcpu=cortex-a9 -mfpu=vfpv3 -mfloat-abi=hard -nostartfiles -g -Wall -Wextra"
"Compiling dmaps"
"Running Make libs in ps7_cortexa9_0/libsrc/emacps_v3_9/src"
make -C ps7_cortexa9_0/libsrc/emacps_v3_9/src -s libs  "SHELL=CMD" "COMPILER=arm-none-eabi-gcc" "ARCHIVER=arm-none-eabi-ar" "COMPILER_FLAGS=  -O2 -c" "EXTRA_COMPILER_FLAGS=-mcpu=cortex-a9 -mfpu=vfpv3 -mfloat-abi=hard -nostartfiles -g -Wall -Wextra"
"Compiling emacps"
"Running Make libs in ps7_cortexa9_0/libsrc/gpiops_v3_5/src"
make -C ps7_cortexa9_0/libsrc/gpiops_v3_5/src -s libs  "SHELL=CMD" "COMPILER=arm-none-eabi-gcc" "ARCHIVER=arm-none-eabi-ar" "COMPILER_FLAGS=  -O2 -c" "EXTRA_COMPILER_FLAGS=-mcpu=cortex-a9 -mfpu=vfpv3 -mfloat-abi=hard -nostartfiles -g -Wall -Wextra"
"Compiling gpiops"
"Running Make libs in ps7_cortexa9_0/libsrc/motorEncoder_v1_0/src"
make -C ps7_cortexa9_0/libsrc/motorEncoder_v1_0/src -s libs  "SHELL=CMD" "COMPILER=arm-none-eabi-gcc" "ARCHIVER=arm-none-eabi-ar" "COMPILER_FLAGS=  -O2 -c" "EXTRA_COMPILER_FLAGS=-mcpu=cortex-a9 -mfpu=vfpv3 -mfloat-abi=hard -nostartfiles -g -Wall -Wextra"
"Compiling motorEncoder..."
motorEncoder_selftest.c: In function 'MOTORENCODER_Reg_SelfTest':
motorEncoder_selftest.c:52:61: warning: comparison of integer expressions of different signedness: 'u32' {aka 'long unsigned int'} and 'int' [-Wsign-compare]
    if ( MOTORENCODER_mReadReg (baseaddr, read_loop_index*4) != (read_loop_index+1)*READ_WRITE_MUL_FACTOR){
                                                             ^~
motorEncoder_selftest.c:36:6: warning: unused variable 'Index' [-Wunused-variable]
  int Index;
      ^~~~~
"Running Make libs in ps7_cortexa9_0/libsrc/motorPWM_v1_0/src"
make -C ps7_cortexa9_0/libsrc/motorPWM_v1_0/src -s libs  "SHELL=CMD" "COMPILER=arm-none-eabi-gcc" "ARCHIVER=arm-none-eabi-ar" "COMPILER_FLAGS=  -O2 -c" "EXTRA_COMPILER_FLAGS=-mcpu=cortex-a9 -mfpu=vfpv3 -mfloat-abi=hard -nostartfiles -g -Wall -Wextra"
"Compiling motorPWM..."
motorPWM_selftest.c: In function 'MOTORPWM_Reg_SelfTest':
motorPWM_selftest.c:52:57: warning: comparison of integer expressions of different signedness: 'u32' {aka 'long unsigned int'} and 'int' [-Wsign-compare]
    if ( MOTORPWM_mReadReg (baseaddr, read_loop_index*4) != (read_loop_index+1)*READ_WRITE_MUL_FACTOR){
                                                         ^~
motorPWM_selftest.c:36:6: warning: unused variable 'Index' [-Wunused-variable]
  int Index;
      ^~~~~
"Running Make libs in ps7_cortexa9_0/libsrc/qspips_v3_6/src"
make -C ps7_cortexa9_0/libsrc/qspips_v3_6/src -s libs  "SHELL=CMD" "COMPILER=arm-none-eabi-gcc" "ARCHIVER=arm-none-eabi-ar" "COMPILER_FLAGS=  -O2 -c" "EXTRA_COMPILER_FLAGS=-mcpu=cortex-a9 -mfpu=vfpv3 -mfloat-abi=hard -nostartfiles -g -Wall -Wextra"
"Compiling qspips"
"Running Make libs in ps7_cortexa9_0/libsrc/scugic_v4_0/src"
make -C ps7_cortexa9_0/libsrc/scugic_v4_0/src -s libs  "SHELL=CMD" "COMPILER=arm-none-eabi-gcc" "ARCHIVER=arm-none-eabi-ar" "COMPILER_FLAGS=  -O2 -c" "EXTRA_COMPILER_FLAGS=-mcpu=cortex-a9 -mfpu=vfpv3 -mfloat-abi=hard -nostartfiles -g -Wall -Wextra"
"Compiling scugic"
"Running Make libs in ps7_cortexa9_0/libsrc/scutimer_v2_1/src"
make -C ps7_cortexa9_0/libsrc/scutimer_v2_1/src -s libs  "SHELL=CMD" "COMPILER=arm-none-eabi-gcc" "ARCHIVER=arm-none-eabi-ar" "COMPILER_FLAGS=  -O2 -c" "EXTRA_COMPILER_FLAGS=-mcpu=cortex-a9 -mfpu=vfpv3 -mfloat-abi=hard -nostartfiles -g -Wall -Wextra"
"Compiling scutimer"
"Running Make libs in ps7_cortexa9_0/libsrc/scuwdt_v2_1/src"
make -C ps7_cortexa9_0/libsrc/scuwdt_v2_1/src -s libs  "SHELL=CMD" "COMPILER=arm-none-eabi-gcc" "ARCHIVER=arm-none-eabi-ar" "COMPILER_FLAGS=  -O2 -c" "EXTRA_COMPILER_FLAGS=-mcpu=cortex-a9 -mfpu=vfpv3 -mfloat-abi=hard -nostartfiles -g -Wall -Wextra"
"Compiling scuwdt"
"Running Make libs in ps7_cortexa9_0/libsrc/sdps_v3_7/src"
make -C ps7_cortexa9_0/libsrc/sdps_v3_7/src -s libs  "SHELL=CMD" "COMPILER=arm-none-eabi-gcc" "ARCHIVER=arm-none-eabi-ar" "COMPILER_FLAGS=  -O2 -c" "EXTRA_COMPILER_FLAGS=-mcpu=cortex-a9 -mfpu=vfpv3 -mfloat-abi=hard -nostartfiles -g -Wall -Wextra"
"Compiling sdps"
"Running Make libs in ps7_cortexa9_0/libsrc/servoz3_v1_0/src"
make -C ps7_cortexa9_0/libsrc/servoz3_v1_0/src -s libs  "SHELL=CMD" "COMPILER=arm-none-eabi-gcc" "ARCHIVER=arm-none-eabi-ar" "COMPILER_FLAGS=  -O2 -c" "EXTRA_COMPILER_FLAGS=-mcpu=cortex-a9 -mfpu=vfpv3 -mfloat-abi=hard -nostartfiles -g -Wall -Wextra"
"Compiling servoz3..."
servoz3_selftest.c: In function 'SERVOZ3_Reg_SelfTest':
servoz3_selftest.c:52:56: warning: comparison of integer expressions of different signedness: 'u32' {aka 'long unsigned int'} and 'int' [-Wsign-compare]
    if ( SERVOZ3_mReadReg (baseaddr, read_loop_index*4) != (read_loop_index+1)*READ_WRITE_MUL_FACTOR){
                                                        ^~
servoz3_selftest.c:36:6: warning: unused variable 'Index' [-Wunused-variable]
  int Index;
      ^~~~~
"Running Make libs in ps7_cortexa9_0/libsrc/standalone_v7_0/src"
make -C ps7_cortexa9_0/libsrc/standalone_v7_0/src -s libs  "SHELL=CMD" "COMPILER=arm-none-eabi-gcc" "ARCHIVER=arm-none-eabi-ar" "COMPILER_FLAGS=  -O2 -c" "EXTRA_COMPILER_FLAGS=-mcpu=cortex-a9 -mfpu=vfpv3 -mfloat-abi=hard -nostartfiles -g -Wall -Wextra"
"Compiling standalone"
In file included from usleep.c:56:
xtime_l.h:87:9: note: #pragma message: For the sleep routines, Global timer is being used
 #pragma message ("For the sleep routines, Global timer is being used")
         ^~~~~~~
In file included from xil_sleeptimer.c:51:
xtime_l.h:87:9: note: #pragma message: For the sleep routines, Global timer is being used
 #pragma message ("For the sleep routines, Global timer is being used")
         ^~~~~~~
In file included from xtime_l.c:49:
xtime_l.h:87:9: note: #pragma message: For the sleep routines, Global timer is being used
 #pragma message ("For the sleep routines, Global timer is being used")
         ^~~~~~~
In file included from sleep.c:53:
xtime_l.h:87:9: note: #pragma message: For the sleep routines, Global timer is being used
 #pragma message ("For the sleep routines, Global timer is being used")
         ^~~~~~~
"Running Make libs in ps7_cortexa9_0/libsrc/sysmon_v7_5/src"
make -C ps7_cortexa9_0/libsrc/sysmon_v7_5/src -s libs  "SHELL=CMD" "COMPILER=arm-none-eabi-gcc" "ARCHIVER=arm-none-eabi-ar" "COMPILER_FLAGS=  -O2 -c" "EXTRA_COMPILER_FLAGS=-mcpu=cortex-a9 -mfpu=vfpv3 -mfloat-abi=hard -nostartfiles -g -Wall -Wextra"
"Compiling sysmon"
"Running Make libs in ps7_cortexa9_0/libsrc/uartlite_v3_2/src"
make -C ps7_cortexa9_0/libsrc/uartlite_v3_2/src -s libs  "SHELL=CMD" "COMPILER=arm-none-eabi-gcc" "ARCHIVER=arm-none-eabi-ar" "COMPILER_FLAGS=  -O2 -c" "EXTRA_COMPILER_FLAGS=-mcpu=cortex-a9 -mfpu=vfpv3 -mfloat-abi=hard -nostartfiles -g -Wall -Wextra"
"Compiling uartlite"
"Running Make libs in ps7_cortexa9_0/libsrc/uartps_v3_7/src"
make -C ps7_cortexa9_0/libsrc/uartps_v3_7/src -s libs  "SHELL=CMD" "COMPILER=arm-none-eabi-gcc" "ARCHIVER=arm-none-eabi-ar" "COMPILER_FLAGS=  -O2 -c" "EXTRA_COMPILER_FLAGS=-mcpu=cortex-a9 -mfpu=vfpv3 -mfloat-abi=hard -nostartfiles -g -Wall -Wextra"
"Compiling uartps"
"Running Make libs in ps7_cortexa9_0/libsrc/usbps_v2_4/src"
make -C ps7_cortexa9_0/libsrc/usbps_v2_4/src -s libs  "SHELL=CMD" "COMPILER=arm-none-eabi-gcc" "ARCHIVER=arm-none-eabi-ar" "COMPILER_FLAGS=  -O2 -c" "EXTRA_COMPILER_FLAGS=-mcpu=cortex-a9 -mfpu=vfpv3 -mfloat-abi=hard -nostartfiles -g -Wall -Wextra"
"Compiling usbps"
"Running Make libs in ps7_cortexa9_0/libsrc/xadcps_v2_3/src"
make -C ps7_cortexa9_0/libsrc/xadcps_v2_3/src -s libs  "SHELL=CMD" "COMPILER=arm-none-eabi-gcc" "ARCHIVER=arm-none-eabi-ar" "COMPILER_FLAGS=  -O2 -c" "EXTRA_COMPILER_FLAGS=-mcpu=cortex-a9 -mfpu=vfpv3 -mfloat-abi=hard -nostartfiles -g -Wall -Wextra"
"Compiling xadcps"
'Finished building libraries'
19:24:05 **** Build of configuration Debug for project arm0 ****
make pre-build main-build 
a9-linaro-pre-build-step
' '
'Building file: ../src/driveMotorTest.c'
'Invoking: ARM v7 gcc compiler'
arm-none-eabi-gcc -Wall -O0 -g3 -c -fmessage-length=0 -MT"src/driveMotorTest.o" -mcpu=cortex-a9 -mfpu=vfpv3 -mfloat-abi=hard -I../../arm0_bsp/ps7_cortexa9_0/include -MMD -MP -MF"src/driveMotorTest.d" -MT"src/driveMotorTest.o" -o "src/driveMotorTest.o" "../src/driveMotorTest.c"
In file included from ../src/driveMotorTest.c:5:
../../arm0_bsp/ps7_cortexa9_0/include/xtime_l.h:87:9: note: #pragma message: For the sleep routines, Global timer is being used
 #pragma message ("For the sleep routines, Global timer is being used")
         ^~~~~~~
../src/driveMotorTest.c: In function 'main':
../src/driveMotorTest.c:109:24: warning: unknown conversion type character '\x0d' in format [-Wformat=]
        printf("%d %d %t\r\n", driveMotorInst.currentRpm, driveMotorInst.pwm->speedSelect, deltaT);
                        ^~
../src/driveMotorTest.c:109:15: warning: too many arguments for format [-Wformat-extra-args]
        printf("%d %d %t\r\n", driveMotorInst.currentRpm, driveMotorInst.pwm->speedSelect, deltaT);
               ^~~~~~~~~~~~~~
'Finished building: ../src/driveMotorTest.c'
' '
'Building file: ../src/driveMotor_utilities.c'
'Invoking: ARM v7 gcc compiler'
arm-none-eabi-gcc -Wall -O0 -g3 -c -fmessage-length=0 -MT"src/driveMotor_utilities.o" -mcpu=cortex-a9 -mfpu=vfpv3 -mfloat-abi=hard -I../../arm0_bsp/ps7_cortexa9_0/include -MMD -MP -MF"src/driveMotor_utilities.d" -MT"src/driveMotor_utilities.o" -o "src/driveMotor_utilities.o" "../src/driveMotor_utilities.c"
../src/driveMotor_utilities.c: In function 'driveMotor_setPidOutput':
../src/driveMotor_utilities.c:87:8: warning: unused variable 'tempPidOut' [-Wunused-variable]
  float tempPidOut;
        ^~~~~~~~~~
'Finished building: ../src/driveMotor_utilities.c'
' '
'Building file: ../src/pid.c'
'Invoking: ARM v7 gcc compiler'
arm-none-eabi-gcc -Wall -O0 -g3 -c -fmessage-length=0 -MT"src/pid.o" -mcpu=cortex-a9 -mfpu=vfpv3 -mfloat-abi=hard -I../../arm0_bsp/ps7_cortexa9_0/include -MMD -MP -MF"src/pid.d" -MT"src/pid.o" -o "src/pid.o" "../src/pid.c"
'Finished building: ../src/pid.c'
' '
'Building file: ../src/servoMotor_utilities.c'
'Invoking: ARM v7 gcc compiler'
arm-none-eabi-gcc -Wall -O0 -g3 -c -fmessage-length=0 -MT"src/servoMotor_utilities.o" -mcpu=cortex-a9 -mfpu=vfpv3 -mfloat-abi=hard -I../../arm0_bsp/ps7_cortexa9_0/include -MMD -MP -MF"src/servoMotor_utilities.d" -MT"src/servoMotor_utilities.o" -o "src/servoMotor_utilities.o" "../src/servoMotor_utilities.c"
../src/servoMotor_utilities.c: In function 'servoMotor_pidInitialize':
../src/servoMotor_utilities.c:80:6: warning: unused variable 'Status' [-Wunused-variable]
  int Status;
      ^~~~~~
../src/servoMotor_utilities.c: In function 'servoMotor_pwmInitialize':
../src/servoMotor_utilities.c:44:1: warning: control reaches end of non-void function [-Wreturn-type]
 }
 ^
'Finished building: ../src/servoMotor_utilities.c'
' '
'Building file: ../src/system.c'
'Invoking: ARM v7 gcc compiler'
arm-none-eabi-gcc -Wall -O0 -g3 -c -fmessage-length=0 -MT"src/system.o" -mcpu=cortex-a9 -mfpu=vfpv3 -mfloat-abi=hard -I../../arm0_bsp/ps7_cortexa9_0/include -MMD -MP -MF"src/system.d" -MT"src/system.o" -o "src/system.o" "../src/system.c"
'Finished building: ../src/system.c'
' '
'Building target: arm0.elf'
'Invoking: ARM v7 gcc linker'
arm-none-eabi-gcc -mcpu=cortex-a9 -mfpu=vfpv3 -mfloat-abi=hard -Wl,-build-id=none -specs=Xilinx.spec -Wl,-T -Wl,../src/lscript.ld -L../../arm0_bsp/ps7_cortexa9_0/lib -o "arm0.elf"  ./src/driveMotorTest.o ./src/driveMotor_utilities.o ./src/pid.o ./src/servoMotor_utilities.o ./src/system.o   -lm -Wl,--start-group,-lxil,-lgcc,-lc,--end-group
'Finished building target: arm0.elf'
' '
'Invoking: ARM v7 Print Size'
arm-none-eabi-size arm0.elf  |tee "arm0.elf.size"
   text	   data	    bss	    dec	    hex	filename
  77872	   3376	  23328	 104576	  19880	arm0.elf
'Finished building: arm0.elf.size'
' '
19:24:07 **** Build of project sanityCheck_bsp ****
make -k all 
"Running Make include in ps7_cortexa9_0/libsrc/coresightps_dcc_v1_5/src"
make -C ps7_cortexa9_0/libsrc/coresightps_dcc_v1_5/src -s include  "SHELL=CMD" "COMPILER=arm-none-eabi-gcc" "ARCHIVER=arm-none-eabi-ar" "COMPILER_FLAGS=  -O2 -c" "EXTRA_COMPILER_FLAGS=-mcpu=cortex-a9 -mfpu=vfpv3 -mfloat-abi=hard -nostartfiles -g -Wall -Wextra"
"Running Make include in ps7_cortexa9_0/libsrc/cpu_cortexa9_v2_7/src"
make -C ps7_cortexa9_0/libsrc/cpu_cortexa9_v2_7/src -s include  "SHELL=CMD" "COMPILER=arm-none-eabi-gcc" "ARCHIVER=arm-none-eabi-ar" "COMPILER_FLAGS=  -O2 -c" "EXTRA_COMPILER_FLAGS=-mcpu=cortex-a9 -mfpu=vfpv3 -mfloat-abi=hard -nostartfiles -g -Wall -Wextra"
"Running Make include in ps7_cortexa9_0/libsrc/ddrps_v1_0/src"
make -C ps7_cortexa9_0/libsrc/ddrps_v1_0/src -s include  "SHELL=CMD" "COMPILER=arm-none-eabi-gcc" "ARCHIVER=arm-none-eabi-ar" "COMPILER_FLAGS=  -O2 -c" "EXTRA_COMPILER_FLAGS=-mcpu=cortex-a9 -mfpu=vfpv3 -mfloat-abi=hard -nostartfiles -g -Wall -Wextra"
"Running Make include in ps7_cortexa9_0/libsrc/devcfg_v3_5/src"
make -C ps7_cortexa9_0/libsrc/devcfg_v3_5/src -s include  "SHELL=CMD" "COMPILER=arm-none-eabi-gcc" "ARCHIVER=arm-none-eabi-ar" "COMPILER_FLAGS=  -O2 -c" "EXTRA_COMPILER_FLAGS=-mcpu=cortex-a9 -mfpu=vfpv3 -mfloat-abi=hard -nostartfiles -g -Wall -Wextra"
"Running Make include in ps7_cortexa9_0/libsrc/dmaps_v2_4/src"
make -C ps7_cortexa9_0/libsrc/dmaps_v2_4/src -s include  "SHELL=CMD" "COMPILER=arm-none-eabi-gcc" "ARCHIVER=arm-none-eabi-ar" "COMPILER_FLAGS=  -O2 -c" "EXTRA_COMPILER_FLAGS=-mcpu=cortex-a9 -mfpu=vfpv3 -mfloat-abi=hard -nostartfiles -g -Wall -Wextra"
"Running Make include in ps7_cortexa9_0/libsrc/emacps_v3_9/src"
make -C ps7_cortexa9_0/libsrc/emacps_v3_9/src -s include  "SHELL=CMD" "COMPILER=arm-none-eabi-gcc" "ARCHIVER=arm-none-eabi-ar" "COMPILER_FLAGS=  -O2 -c" "EXTRA_COMPILER_FLAGS=-mcpu=cortex-a9 -mfpu=vfpv3 -mfloat-abi=hard -nostartfiles -g -Wall -Wextra"
"Running Make include in ps7_cortexa9_0/libsrc/gpiops_v3_5/src"
make -C ps7_cortexa9_0/libsrc/gpiops_v3_5/src -s include  "SHELL=CMD" "COMPILER=arm-none-eabi-gcc" "ARCHIVER=arm-none-eabi-ar" "COMPILER_FLAGS=  -O2 -c" "EXTRA_COMPILER_FLAGS=-mcpu=cortex-a9 -mfpu=vfpv3 -mfloat-abi=hard -nostartfiles -g -Wall -Wextra"
"Running Make include in ps7_cortexa9_0/libsrc/motorEncoder_v1_0/src"
make -C ps7_cortexa9_0/libsrc/motorEncoder_v1_0/src -s include  "SHELL=CMD" "COMPILER=arm-none-eabi-gcc" "ARCHIVER=arm-none-eabi-ar" "COMPILER_FLAGS=  -O2 -c" "EXTRA_COMPILER_FLAGS=-mcpu=cortex-a9 -mfpu=vfpv3 -mfloat-abi=hard -nostartfiles -g -Wall -Wextra"
"Running Make include in ps7_cortexa9_0/libsrc/motorPWM_v1_0/src"
make -C ps7_cortexa9_0/libsrc/motorPWM_v1_0/src -s include  "SHELL=CMD" "COMPILER=arm-none-eabi-gcc" "ARCHIVER=arm-none-eabi-ar" "COMPILER_FLAGS=  -O2 -c" "EXTRA_COMPILER_FLAGS=-mcpu=cortex-a9 -mfpu=vfpv3 -mfloat-abi=hard -nostartfiles -g -Wall -Wextra"
"Running Make include in ps7_cortexa9_0/libsrc/qspips_v3_6/src"
make -C ps7_cortexa9_0/libsrc/qspips_v3_6/src -s include  "SHELL=CMD" "COMPILER=arm-none-eabi-gcc" "ARCHIVER=arm-none-eabi-ar" "COMPILER_FLAGS=  -O2 -c" "EXTRA_COMPILER_FLAGS=-mcpu=cortex-a9 -mfpu=vfpv3 -mfloat-abi=hard -nostartfiles -g -Wall -Wextra"
"Running Make include in ps7_cortexa9_0/libsrc/scugic_v4_0/src"
make -C ps7_cortexa9_0/libsrc/scugic_v4_0/src -s include  "SHELL=CMD" "COMPILER=arm-none-eabi-gcc" "ARCHIVER=arm-none-eabi-ar" "COMPILER_FLAGS=  -O2 -c" "EXTRA_COMPILER_FLAGS=-mcpu=cortex-a9 -mfpu=vfpv3 -mfloat-abi=hard -nostartfiles -g -Wall -Wextra"
"Running Make include in ps7_cortexa9_0/libsrc/scutimer_v2_1/src"
make -C ps7_cortexa9_0/libsrc/scutimer_v2_1/src -s include  "SHELL=CMD" "COMPILER=arm-none-eabi-gcc" "ARCHIVER=arm-none-eabi-ar" "COMPILER_FLAGS=  -O2 -c" "EXTRA_COMPILER_FLAGS=-mcpu=cortex-a9 -mfpu=vfpv3 -mfloat-abi=hard -nostartfiles -g -Wall -Wextra"
"Running Make include in ps7_cortexa9_0/libsrc/scuwdt_v2_1/src"
make -C ps7_cortexa9_0/libsrc/scuwdt_v2_1/src -s include  "SHELL=CMD" "COMPILER=arm-none-eabi-gcc" "ARCHIVER=arm-none-eabi-ar" "COMPILER_FLAGS=  -O2 -c" "EXTRA_COMPILER_FLAGS=-mcpu=cortex-a9 -mfpu=vfpv3 -mfloat-abi=hard -nostartfiles -g -Wall -Wextra"
"Running Make include in ps7_cortexa9_0/libsrc/sdps_v3_7/src"
make -C ps7_cortexa9_0/libsrc/sdps_v3_7/src -s include  "SHELL=CMD" "COMPILER=arm-none-eabi-gcc" "ARCHIVER=arm-none-eabi-ar" "COMPILER_FLAGS=  -O2 -c" "EXTRA_COMPILER_FLAGS=-mcpu=cortex-a9 -mfpu=vfpv3 -mfloat-abi=hard -nostartfiles -g -Wall -Wextra"
"Running Make include in ps7_cortexa9_0/libsrc/servoz3_v1_0/src"
make -C ps7_cortexa9_0/libsrc/servoz3_v1_0/src -s include  "SHELL=CMD" "COMPILER=arm-none-eabi-gcc" "ARCHIVER=arm-none-eabi-ar" "COMPILER_FLAGS=  -O2 -c" "EXTRA_COMPILER_FLAGS=-mcpu=cortex-a9 -mfpu=vfpv3 -mfloat-abi=hard -nostartfiles -g -Wall -Wextra"
"Running Make include in ps7_cortexa9_0/libsrc/standalone_v7_0/src"
make -C ps7_cortexa9_0/libsrc/standalone_v7_0/src -s include  "SHELL=CMD" "COMPILER=arm-none-eabi-gcc" "ARCHIVER=arm-none-eabi-ar" "COMPILER_FLAGS=  -O2 -c" "EXTRA_COMPILER_FLAGS=-mcpu=cortex-a9 -mfpu=vfpv3 -mfloat-abi=hard -nostartfiles -g -Wall -Wextra"
"Running Make include in ps7_cortexa9_0/libsrc/sysmon_v7_5/src"
make -C ps7_cortexa9_0/libsrc/sysmon_v7_5/src -s include  "SHELL=CMD" "COMPILER=arm-none-eabi-gcc" "ARCHIVER=arm-none-eabi-ar" "COMPILER_FLAGS=  -O2 -c" "EXTRA_COMPILER_FLAGS=-mcpu=cortex-a9 -mfpu=vfpv3 -mfloat-abi=hard -nostartfiles -g -Wall -Wextra"
"Running Make include in ps7_cortexa9_0/libsrc/uartlite_v3_2/src"
make -C ps7_cortexa9_0/libsrc/uartlite_v3_2/src -s include  "SHELL=CMD" "COMPILER=arm-none-eabi-gcc" "ARCHIVER=arm-none-eabi-ar" "COMPILER_FLAGS=  -O2 -c" "EXTRA_COMPILER_FLAGS=-mcpu=cortex-a9 -mfpu=vfpv3 -mfloat-abi=hard -nostartfiles -g -Wall -Wextra"
"Running Make include in ps7_cortexa9_0/libsrc/uartps_v3_7/src"
make -C ps7_cortexa9_0/libsrc/uartps_v3_7/src -s include  "SHELL=CMD" "COMPILER=arm-none-eabi-gcc" "ARCHIVER=arm-none-eabi-ar" "COMPILER_FLAGS=  -O2 -c" "EXTRA_COMPILER_FLAGS=-mcpu=cortex-a9 -mfpu=vfpv3 -mfloat-abi=hard -nostartfiles -g -Wall -Wextra"
"Running Make include in ps7_cortexa9_0/libsrc/usbps_v2_4/src"
make -C ps7_cortexa9_0/libsrc/usbps_v2_4/src -s include  "SHELL=CMD" "COMPILER=arm-none-eabi-gcc" "ARCHIVER=arm-none-eabi-ar" "COMPILER_FLAGS=  -O2 -c" "EXTRA_COMPILER_FLAGS=-mcpu=cortex-a9 -mfpu=vfpv3 -mfloat-abi=hard -nostartfiles -g -Wall -Wextra"
"Running Make include in ps7_cortexa9_0/libsrc/xadcps_v2_3/src"
make -C ps7_cortexa9_0/libsrc/xadcps_v2_3/src -s include  "SHELL=CMD" "COMPILER=arm-none-eabi-gcc" "ARCHIVER=arm-none-eabi-ar" "COMPILER_FLAGS=  -O2 -c" "EXTRA_COMPILER_FLAGS=-mcpu=cortex-a9 -mfpu=vfpv3 -mfloat-abi=hard -nostartfiles -g -Wall -Wextra"
"Running Make libs in ps7_cortexa9_0/libsrc/coresightps_dcc_v1_5/src"
make -C ps7_cortexa9_0/libsrc/coresightps_dcc_v1_5/src -s libs  "SHELL=CMD" "COMPILER=arm-none-eabi-gcc" "ARCHIVER=arm-none-eabi-ar" "COMPILER_FLAGS=  -O2 -c" "EXTRA_COMPILER_FLAGS=-mcpu=cortex-a9 -mfpu=vfpv3 -mfloat-abi=hard -nostartfiles -g -Wall -Wextra"
"Compiling coresightps_dcc"
arm-none-eabi-ar: creating ../../../lib/libxil.a
"Running Make libs in ps7_cortexa9_0/libsrc/cpu_cortexa9_v2_7/src"
make -C ps7_cortexa9_0/libsrc/cpu_cortexa9_v2_7/src -s libs  "SHELL=CMD" "COMPILER=arm-none-eabi-gcc" "ARCHIVER=arm-none-eabi-ar" "COMPILER_FLAGS=  -O2 -c" "EXTRA_COMPILER_FLAGS=-mcpu=cortex-a9 -mfpu=vfpv3 -mfloat-abi=hard -nostartfiles -g -Wall -Wextra"
"Compiling cpu_cortexa9"
"Running Make libs in ps7_cortexa9_0/libsrc/ddrps_v1_0/src"
make -C ps7_cortexa9_0/libsrc/ddrps_v1_0/src -s libs  "SHELL=CMD" "COMPILER=arm-none-eabi-gcc" "ARCHIVER=arm-none-eabi-ar" "COMPILER_FLAGS=  -O2 -c" "EXTRA_COMPILER_FLAGS=-mcpu=cortex-a9 -mfpu=vfpv3 -mfloat-abi=hard -nostartfiles -g -Wall -Wextra"
"Compiling ddrps"
"Running Make libs in ps7_cortexa9_0/libsrc/devcfg_v3_5/src"
make -C ps7_cortexa9_0/libsrc/devcfg_v3_5/src -s libs  "SHELL=CMD" "COMPILER=arm-none-eabi-gcc" "ARCHIVER=arm-none-eabi-ar" "COMPILER_FLAGS=  -O2 -c" "EXTRA_COMPILER_FLAGS=-mcpu=cortex-a9 -mfpu=vfpv3 -mfloat-abi=hard -nostartfiles -g -Wall -Wextra"
"Compiling devcfg"
"Running Make libs in ps7_cortexa9_0/libsrc/dmaps_v2_4/src"
make -C ps7_cortexa9_0/libsrc/dmaps_v2_4/src -s libs  "SHELL=CMD" "COMPILER=arm-none-eabi-gcc" "ARCHIVER=arm-none-eabi-ar" "COMPILER_FLAGS=  -O2 -c" "EXTRA_COMPILER_FLAGS=-mcpu=cortex-a9 -mfpu=vfpv3 -mfloat-abi=hard -nostartfiles -g -Wall -Wextra"
"Compiling dmaps"
"Running Make libs in ps7_cortexa9_0/libsrc/emacps_v3_9/src"
make -C ps7_cortexa9_0/libsrc/emacps_v3_9/src -s libs  "SHELL=CMD" "COMPILER=arm-none-eabi-gcc" "ARCHIVER=arm-none-eabi-ar" "COMPILER_FLAGS=  -O2 -c" "EXTRA_COMPILER_FLAGS=-mcpu=cortex-a9 -mfpu=vfpv3 -mfloat-abi=hard -nostartfiles -g -Wall -Wextra"
"Compiling emacps"
"Running Make libs in ps7_cortexa9_0/libsrc/gpiops_v3_5/src"
make -C ps7_cortexa9_0/libsrc/gpiops_v3_5/src -s libs  "SHELL=CMD" "COMPILER=arm-none-eabi-gcc" "ARCHIVER=arm-none-eabi-ar" "COMPILER_FLAGS=  -O2 -c" "EXTRA_COMPILER_FLAGS=-mcpu=cortex-a9 -mfpu=vfpv3 -mfloat-abi=hard -nostartfiles -g -Wall -Wextra"
"Compiling gpiops"
"Running Make libs in ps7_cortexa9_0/libsrc/motorEncoder_v1_0/src"
make -C ps7_cortexa9_0/libsrc/motorEncoder_v1_0/src -s libs  "SHELL=CMD" "COMPILER=arm-none-eabi-gcc" "ARCHIVER=arm-none-eabi-ar" "COMPILER_FLAGS=  -O2 -c" "EXTRA_COMPILER_FLAGS=-mcpu=cortex-a9 -mfpu=vfpv3 -mfloat-abi=hard -nostartfiles -g -Wall -Wextra"
"Compiling motorEncoder..."
motorEncoder_selftest.c: In function 'MOTORENCODER_Reg_SelfTest':
motorEncoder_selftest.c:52:61: warning: comparison of integer expressions of different signedness: 'u32' {aka 'long unsigned int'} and 'int' [-Wsign-compare]
    if ( MOTORENCODER_mReadReg (baseaddr, read_loop_index*4) != (read_loop_index+1)*READ_WRITE_MUL_FACTOR){
                                                             ^~
motorEncoder_selftest.c:36:6: warning: unused variable 'Index' [-Wunused-variable]
  int Index;
      ^~~~~
"Running Make libs in ps7_cortexa9_0/libsrc/motorPWM_v1_0/src"
make -C ps7_cortexa9_0/libsrc/motorPWM_v1_0/src -s libs  "SHELL=CMD" "COMPILER=arm-none-eabi-gcc" "ARCHIVER=arm-none-eabi-ar" "COMPILER_FLAGS=  -O2 -c" "EXTRA_COMPILER_FLAGS=-mcpu=cortex-a9 -mfpu=vfpv3 -mfloat-abi=hard -nostartfiles -g -Wall -Wextra"
"Compiling motorPWM..."
motorPWM_selftest.c: In function 'MOTORPWM_Reg_SelfTest':
motorPWM_selftest.c:52:57: warning: comparison of integer expressions of different signedness: 'u32' {aka 'long unsigned int'} and 'int' [-Wsign-compare]
    if ( MOTORPWM_mReadReg (baseaddr, read_loop_index*4) != (read_loop_index+1)*READ_WRITE_MUL_FACTOR){
                                                         ^~
motorPWM_selftest.c:36:6: warning: unused variable 'Index' [-Wunused-variable]
  int Index;
      ^~~~~
"Running Make libs in ps7_cortexa9_0/libsrc/qspips_v3_6/src"
make -C ps7_cortexa9_0/libsrc/qspips_v3_6/src -s libs  "SHELL=CMD" "COMPILER=arm-none-eabi-gcc" "ARCHIVER=arm-none-eabi-ar" "COMPILER_FLAGS=  -O2 -c" "EXTRA_COMPILER_FLAGS=-mcpu=cortex-a9 -mfpu=vfpv3 -mfloat-abi=hard -nostartfiles -g -Wall -Wextra"
"Compiling qspips"
"Running Make libs in ps7_cortexa9_0/libsrc/scugic_v4_0/src"
make -C ps7_cortexa9_0/libsrc/scugic_v4_0/src -s libs  "SHELL=CMD" "COMPILER=arm-none-eabi-gcc" "ARCHIVER=arm-none-eabi-ar" "COMPILER_FLAGS=  -O2 -c" "EXTRA_COMPILER_FLAGS=-mcpu=cortex-a9 -mfpu=vfpv3 -mfloat-abi=hard -nostartfiles -g -Wall -Wextra"
"Compiling scugic"
"Running Make libs in ps7_cortexa9_0/libsrc/scutimer_v2_1/src"
make -C ps7_cortexa9_0/libsrc/scutimer_v2_1/src -s libs  "SHELL=CMD" "COMPILER=arm-none-eabi-gcc" "ARCHIVER=arm-none-eabi-ar" "COMPILER_FLAGS=  -O2 -c" "EXTRA_COMPILER_FLAGS=-mcpu=cortex-a9 -mfpu=vfpv3 -mfloat-abi=hard -nostartfiles -g -Wall -Wextra"
"Compiling scutimer"
"Running Make libs in ps7_cortexa9_0/libsrc/scuwdt_v2_1/src"
make -C ps7_cortexa9_0/libsrc/scuwdt_v2_1/src -s libs  "SHELL=CMD" "COMPILER=arm-none-eabi-gcc" "ARCHIVER=arm-none-eabi-ar" "COMPILER_FLAGS=  -O2 -c" "EXTRA_COMPILER_FLAGS=-mcpu=cortex-a9 -mfpu=vfpv3 -mfloat-abi=hard -nostartfiles -g -Wall -Wextra"
"Compiling scuwdt"
"Running Make libs in ps7_cortexa9_0/libsrc/sdps_v3_7/src"
make -C ps7_cortexa9_0/libsrc/sdps_v3_7/src -s libs  "SHELL=CMD" "COMPILER=arm-none-eabi-gcc" "ARCHIVER=arm-none-eabi-ar" "COMPILER_FLAGS=  -O2 -c" "EXTRA_COMPILER_FLAGS=-mcpu=cortex-a9 -mfpu=vfpv3 -mfloat-abi=hard -nostartfiles -g -Wall -Wextra"
"Compiling sdps"
"Running Make libs in ps7_cortexa9_0/libsrc/servoz3_v1_0/src"
make -C ps7_cortexa9_0/libsrc/servoz3_v1_0/src -s libs  "SHELL=CMD" "COMPILER=arm-none-eabi-gcc" "ARCHIVER=arm-none-eabi-ar" "COMPILER_FLAGS=  -O2 -c" "EXTRA_COMPILER_FLAGS=-mcpu=cortex-a9 -mfpu=vfpv3 -mfloat-abi=hard -nostartfiles -g -Wall -Wextra"
"Compiling servoz3..."
servoz3_selftest.c: In function 'SERVOZ3_Reg_SelfTest':
servoz3_selftest.c:52:56: warning: comparison of integer expressions of different signedness: 'u32' {aka 'long unsigned int'} and 'int' [-Wsign-compare]
    if ( SERVOZ3_mReadReg (baseaddr, read_loop_index*4) != (read_loop_index+1)*READ_WRITE_MUL_FACTOR){
                                                        ^~
servoz3_selftest.c:36:6: warning: unused variable 'Index' [-Wunused-variable]
  int Index;
      ^~~~~
"Running Make libs in ps7_cortexa9_0/libsrc/standalone_v7_0/src"
make -C ps7_cortexa9_0/libsrc/standalone_v7_0/src -s libs  "SHELL=CMD" "COMPILER=arm-none-eabi-gcc" "ARCHIVER=arm-none-eabi-ar" "COMPILER_FLAGS=  -O2 -c" "EXTRA_COMPILER_FLAGS=-mcpu=cortex-a9 -mfpu=vfpv3 -mfloat-abi=hard -nostartfiles -g -Wall -Wextra"
"Compiling standalone"
In file included from usleep.c:56:
xtime_l.h:87:9: note: #pragma message: For the sleep routines, Global timer is being used
 #pragma message ("For the sleep routines, Global timer is being used")
         ^~~~~~~
In file included from xil_sleeptimer.c:51:
xtime_l.h:87:9: note: #pragma message: For the sleep routines, Global timer is being used
 #pragma message ("For the sleep routines, Global timer is being used")
         ^~~~~~~
In file included from xtime_l.c:49:
xtime_l.h:87:9: note: #pragma message: For the sleep routines, Global timer is being used
 #pragma message ("For the sleep routines, Global timer is being used")
         ^~~~~~~
In file included from sleep.c:53:
xtime_l.h:87:9: note: #pragma message: For the sleep routines, Global timer is being used
 #pragma message ("For the sleep routines, Global timer is being used")
         ^~~~~~~
"Running Make libs in ps7_cortexa9_0/libsrc/sysmon_v7_5/src"
make -C ps7_cortexa9_0/libsrc/sysmon_v7_5/src -s libs  "SHELL=CMD" "COMPILER=arm-none-eabi-gcc" "ARCHIVER=arm-none-eabi-ar" "COMPILER_FLAGS=  -O2 -c" "EXTRA_COMPILER_FLAGS=-mcpu=cortex-a9 -mfpu=vfpv3 -mfloat-abi=hard -nostartfiles -g -Wall -Wextra"
"Compiling sysmon"
"Running Make libs in ps7_cortexa9_0/libsrc/uartlite_v3_2/src"
make -C ps7_cortexa9_0/libsrc/uartlite_v3_2/src -s libs  "SHELL=CMD" "COMPILER=arm-none-eabi-gcc" "ARCHIVER=arm-none-eabi-ar" "COMPILER_FLAGS=  -O2 -c" "EXTRA_COMPILER_FLAGS=-mcpu=cortex-a9 -mfpu=vfpv3 -mfloat-abi=hard -nostartfiles -g -Wall -Wextra"
"Compiling uartlite"
"Running Make libs in ps7_cortexa9_0/libsrc/uartps_v3_7/src"
make -C ps7_cortexa9_0/libsrc/uartps_v3_7/src -s libs  "SHELL=CMD" "COMPILER=arm-none-eabi-gcc" "ARCHIVER=arm-none-eabi-ar" "COMPILER_FLAGS=  -O2 -c" "EXTRA_COMPILER_FLAGS=-mcpu=cortex-a9 -mfpu=vfpv3 -mfloat-abi=hard -nostartfiles -g -Wall -Wextra"
"Compiling uartps"
"Running Make libs in ps7_cortexa9_0/libsrc/usbps_v2_4/src"
make -C ps7_cortexa9_0/libsrc/usbps_v2_4/src -s libs  "SHELL=CMD" "COMPILER=arm-none-eabi-gcc" "ARCHIVER=arm-none-eabi-ar" "COMPILER_FLAGS=  -O2 -c" "EXTRA_COMPILER_FLAGS=-mcpu=cortex-a9 -mfpu=vfpv3 -mfloat-abi=hard -nostartfiles -g -Wall -Wextra"
"Compiling usbps"
"Running Make libs in ps7_cortexa9_0/libsrc/xadcps_v2_3/src"
make -C ps7_cortexa9_0/libsrc/xadcps_v2_3/src -s libs  "SHELL=CMD" "COMPILER=arm-none-eabi-gcc" "ARCHIVER=arm-none-eabi-ar" "COMPILER_FLAGS=  -O2 -c" "EXTRA_COMPILER_FLAGS=-mcpu=cortex-a9 -mfpu=vfpv3 -mfloat-abi=hard -nostartfiles -g -Wall -Wextra"
"Compiling xadcps"
'Finished building libraries'
19:24:30 **** Build of configuration Debug for project sanityCheck ****
make pre-build main-build 
a9-linaro-pre-build-step
' '
'Building file: ../src/helloworld.c'
'Invoking: ARM v7 gcc compiler'
arm-none-eabi-gcc -Wall -O0 -g3 -c -fmessage-length=0 -MT"src/helloworld.o" -mcpu=cortex-a9 -mfpu=vfpv3 -mfloat-abi=hard -I../../sanityCheck_bsp/ps7_cortexa9_0/include -MMD -MP -MF"src/helloworld.d" -MT"src/helloworld.o" -o "src/helloworld.o" "../src/helloworld.c"
'Finished building: ../src/helloworld.c'
' '
'Building file: ../src/platform.c'
'Invoking: ARM v7 gcc compiler'
arm-none-eabi-gcc -Wall -O0 -g3 -c -fmessage-length=0 -MT"src/platform.o" -mcpu=cortex-a9 -mfpu=vfpv3 -mfloat-abi=hard -I../../sanityCheck_bsp/ps7_cortexa9_0/include -MMD -MP -MF"src/platform.d" -MT"src/platform.o" -o "src/platform.o" "../src/platform.c"
'Finished building: ../src/platform.c'
' '
'Building target: sanityCheck.elf'
'Invoking: ARM v7 gcc linker'
arm-none-eabi-gcc -mcpu=cortex-a9 -mfpu=vfpv3 -mfloat-abi=hard -Wl,-build-id=none -specs=Xilinx.spec -Wl,-T -Wl,../src/lscript.ld -L../../sanityCheck_bsp/ps7_cortexa9_0/lib -o "sanityCheck.elf"  ./src/helloworld.o ./src/platform.o   -Wl,--start-group,-lxil,-lgcc,-lc,--end-group
'Finished building target: sanityCheck.elf'
' '
'Invoking: ARM v7 Print Size'
arm-none-eabi-size sanityCheck.elf  |tee "sanityCheck.elf.size"
   text	   data	    bss	    dec	    hex	filename
  19052	   1144	  22568	  42764	   a70c	sanityCheck.elf
'Finished building: sanityCheck.elf.size'
' '
19:25:10 **** Incremental Build of configuration Debug for project arm0 ****
make pre-build main-build 
a9-linaro-pre-build-step
' '
make: Nothing to be done for 'main-build'.
19:25:37 **** Clean-only build of configuration Debug for project arm0 ****
make clean 
rm -rf  ./src/driveMotorTest.o ./src/driveMotor_utilities.o ./src/pid.o ./src/servoMotor_utilities.o ./src/system.o  ./src/driveMotorTest.d ./src/driveMotor_utilities.d ./src/pid.d ./src/servoMotor_utilities.d ./src/system.d  arm0.elf.size  arm0.elf
' '
19:25:38 **** Auto Build of configuration Debug for project arm0 ****
make pre-build main-build 
a9-linaro-pre-build-step
' '
'Building file: ../src/driveMotorTest.c'
'Invoking: ARM v7 gcc compiler'
arm-none-eabi-gcc -Wall -O0 -g3 -c -fmessage-length=0 -MT"src/driveMotorTest.o" -mcpu=cortex-a9 -mfpu=vfpv3 -mfloat-abi=hard -I../../arm0_bsp/ps7_cortexa9_0/include -MMD -MP -MF"src/driveMotorTest.d" -MT"src/driveMotorTest.o" -o "src/driveMotorTest.o" "../src/driveMotorTest.c"
In file included from ../src/driveMotorTest.c:5:
../../arm0_bsp/ps7_cortexa9_0/include/xtime_l.h:87:9: note: #pragma message: For the sleep routines, Global timer is being used
 #pragma message ("For the sleep routines, Global timer is being used")
         ^~~~~~~
../src/driveMotorTest.c: In function 'main':
../src/driveMotorTest.c:109:24: warning: unknown conversion type character '\x0d' in format [-Wformat=]
        printf("%d %d %t\r\n", driveMotorInst.currentRpm, driveMotorInst.pwm->speedSelect, deltaT);
                        ^~
../src/driveMotorTest.c:109:15: warning: too many arguments for format [-Wformat-extra-args]
        printf("%d %d %t\r\n", driveMotorInst.currentRpm, driveMotorInst.pwm->speedSelect, deltaT);
               ^~~~~~~~~~~~~~
'Finished building: ../src/driveMotorTest.c'
' '
'Building file: ../src/driveMotor_utilities.c'
'Invoking: ARM v7 gcc compiler'
arm-none-eabi-gcc -Wall -O0 -g3 -c -fmessage-length=0 -MT"src/driveMotor_utilities.o" -mcpu=cortex-a9 -mfpu=vfpv3 -mfloat-abi=hard -I../../arm0_bsp/ps7_cortexa9_0/include -MMD -MP -MF"src/driveMotor_utilities.d" -MT"src/driveMotor_utilities.o" -o "src/driveMotor_utilities.o" "../src/driveMotor_utilities.c"
../src/driveMotor_utilities.c: In function 'driveMotor_setPidOutput':
../src/driveMotor_utilities.c:87:8: warning: unused variable 'tempPidOut' [-Wunused-variable]
  float tempPidOut;
        ^~~~~~~~~~
'Finished building: ../src/driveMotor_utilities.c'
' '
'Building file: ../src/pid.c'
'Invoking: ARM v7 gcc compiler'
arm-none-eabi-gcc -Wall -O0 -g3 -c -fmessage-length=0 -MT"src/pid.o" -mcpu=cortex-a9 -mfpu=vfpv3 -mfloat-abi=hard -I../../arm0_bsp/ps7_cortexa9_0/include -MMD -MP -MF"src/pid.d" -MT"src/pid.o" -o "src/pid.o" "../src/pid.c"
'Finished building: ../src/pid.c'
' '
'Building file: ../src/servoMotor_utilities.c'
'Invoking: ARM v7 gcc compiler'
arm-none-eabi-gcc -Wall -O0 -g3 -c -fmessage-length=0 -MT"src/servoMotor_utilities.o" -mcpu=cortex-a9 -mfpu=vfpv3 -mfloat-abi=hard -I../../arm0_bsp/ps7_cortexa9_0/include -MMD -MP -MF"src/servoMotor_utilities.d" -MT"src/servoMotor_utilities.o" -o "src/servoMotor_utilities.o" "../src/servoMotor_utilities.c"
../src/servoMotor_utilities.c: In function 'servoMotor_pidInitialize':
../src/servoMotor_utilities.c:80:6: warning: unused variable 'Status' [-Wunused-variable]
  int Status;
      ^~~~~~
../src/servoMotor_utilities.c: In function 'servoMotor_pwmInitialize':
../src/servoMotor_utilities.c:44:1: warning: control reaches end of non-void function [-Wreturn-type]
 }
 ^
'Finished building: ../src/servoMotor_utilities.c'
' '
'Building file: ../src/system.c'
'Invoking: ARM v7 gcc compiler'
arm-none-eabi-gcc -Wall -O0 -g3 -c -fmessage-length=0 -MT"src/system.o" -mcpu=cortex-a9 -mfpu=vfpv3 -mfloat-abi=hard -I../../arm0_bsp/ps7_cortexa9_0/include -MMD -MP -MF"src/system.d" -MT"src/system.o" -o "src/system.o" "../src/system.c"
'Finished building: ../src/system.c'
' '
'Building target: arm0.elf'
'Invoking: ARM v7 gcc linker'
arm-none-eabi-gcc -mcpu=cortex-a9 -mfpu=vfpv3 -mfloat-abi=hard -Wl,-build-id=none -specs=Xilinx.spec -Wl,-T -Wl,../src/lscript.ld -L../../arm0_bsp/ps7_cortexa9_0/lib -o "arm0.elf"  ./src/driveMotorTest.o ./src/driveMotor_utilities.o ./src/pid.o ./src/servoMotor_utilities.o ./src/system.o   -lm -Wl,--start-group,-lxil,-lgcc,-lc,--end-group
'Finished building target: arm0.elf'
' '
'Invoking: ARM v7 Print Size'
arm-none-eabi-size arm0.elf  |tee "arm0.elf.size"
   text	   data	    bss	    dec	    hex	filename
  77872	   3376	  23328	 104576	  19880	arm0.elf
'Finished building: arm0.elf.size'
' '
19:25:40 **** Clean-only build of configuration Debug for project arm0 ****
make clean 
rm -rf  ./src/driveMotorTest.o ./src/driveMotor_utilities.o ./src/pid.o ./src/servoMotor_utilities.o ./src/system.o  ./src/driveMotorTest.d ./src/driveMotor_utilities.d ./src/pid.d ./src/servoMotor_utilities.d ./src/system.d  arm0.elf.size  arm0.elf
' '
19:25:40 **** Auto Build of configuration Debug for project arm0 ****
make pre-build main-build 
a9-linaro-pre-build-step
' '
'Building file: ../src/driveMotor_utilities.c'
'Invoking: ARM v7 gcc compiler'
arm-none-eabi-gcc -Wall -O0 -g3 -c -fmessage-length=0 -MT"src/driveMotor_utilities.o" -mcpu=cortex-a9 -mfpu=vfpv3 -mfloat-abi=hard -I../../arm0_bsp/ps7_cortexa9_0/include -MMD -MP -MF"src/driveMotor_utilities.d" -MT"src/driveMotor_utilities.o" -o "src/driveMotor_utilities.o" "../src/driveMotor_utilities.c"
../src/driveMotor_utilities.c: In function 'driveMotor_setPidOutput':
../src/driveMotor_utilities.c:87:8: warning: unused variable 'tempPidOut' [-Wunused-variable]
  float tempPidOut;
        ^~~~~~~~~~
'Finished building: ../src/driveMotor_utilities.c'
' '
'Building file: ../src/pid.c'
'Invoking: ARM v7 gcc compiler'
arm-none-eabi-gcc -Wall -O0 -g3 -c -fmessage-length=0 -MT"src/pid.o" -mcpu=cortex-a9 -mfpu=vfpv3 -mfloat-abi=hard -I../../arm0_bsp/ps7_cortexa9_0/include -MMD -MP -MF"src/pid.d" -MT"src/pid.o" -o "src/pid.o" "../src/pid.c"
'Finished building: ../src/pid.c'
' '
'Building file: ../src/servoMotor_utilities.c'
'Invoking: ARM v7 gcc compiler'
arm-none-eabi-gcc -Wall -O0 -g3 -c -fmessage-length=0 -MT"src/servoMotor_utilities.o" -mcpu=cortex-a9 -mfpu=vfpv3 -mfloat-abi=hard -I../../arm0_bsp/ps7_cortexa9_0/include -MMD -MP -MF"src/servoMotor_utilities.d" -MT"src/servoMotor_utilities.o" -o "src/servoMotor_utilities.o" "../src/servoMotor_utilities.c"
../src/servoMotor_utilities.c: In function 'servoMotor_pidInitialize':
../src/servoMotor_utilities.c:80:6: warning: unused variable 'Status' [-Wunused-variable]
  int Status;
      ^~~~~~
../src/servoMotor_utilities.c: In function 'servoMotor_pwmInitialize':
../src/servoMotor_utilities.c:44:1: warning: control reaches end of non-void function [-Wreturn-type]
 }
 ^
'Finished building: ../src/servoMotor_utilities.c'
' '
'Building file: ../src/system.c'
'Invoking: ARM v7 gcc compiler'
arm-none-eabi-gcc -Wall -O0 -g3 -c -fmessage-length=0 -MT"src/system.o" -mcpu=cortex-a9 -mfpu=vfpv3 -mfloat-abi=hard -I../../arm0_bsp/ps7_cortexa9_0/include -MMD -MP -MF"src/system.d" -MT"src/system.o" -o "src/system.o" "../src/system.c"
'Finished building: ../src/system.c'
' '
'Building target: arm0.elf'
'Invoking: ARM v7 gcc linker'
arm-none-eabi-gcc -mcpu=cortex-a9 -mfpu=vfpv3 -mfloat-abi=hard -Wl,-build-id=none -specs=Xilinx.spec -Wl,-T -Wl,../src/lscript.ld -L../../arm0_bsp/ps7_cortexa9_0/lib -o "arm0.elf"  ./src/driveMotor_utilities.o ./src/pid.o ./src/servoMotor_utilities.o ./src/system.o   -lm -Wl,--start-group,-lxil,-lgcc,-lc,--end-group
c:/xilinx/sdk/2019.1/gnu/aarch32/nt/gcc-arm-none-eabi/bin/../lib/gcc/arm-none-eabi/8.2.0/../../../../arm-none-eabi/bin/ld.exe: ../../arm0_bsp/ps7_cortexa9_0/lib\libxil.a(xil-crt0.o): in function `_start':
C:\Users\george\Documents\local_projects\dryrun\dryrun.sdk\arm0_bsp\ps7_cortexa9_0\libsrc\standalone_v7_0\src/xil-crt0.S:138: undefined reference to `main'
collect2.exe: error: ld returned 1 exit status
make: *** [makefile:41: arm0.elf] Error 1
19:25:46 **** Clean-only build of configuration Debug for project arm0 ****
make clean 
rm -rf  ./src/driveMotor_utilities.o ./src/pid.o ./src/servoMotor_utilities.o ./src/system.o  ./src/driveMotor_utilities.d ./src/pid.d ./src/servoMotor_utilities.d ./src/system.d  arm0.elf.size  arm0.elf
' '
19:25:47 **** Auto Build of configuration Debug for project arm0 ****
make pre-build main-build 
a9-linaro-pre-build-step
' '
'Building file: ../src/driveMotor_utilities.c'
'Invoking: ARM v7 gcc compiler'
arm-none-eabi-gcc -Wall -O0 -g3 -c -fmessage-length=0 -MT"src/driveMotor_utilities.o" -mcpu=cortex-a9 -mfpu=vfpv3 -mfloat-abi=hard -I../../arm0_bsp/ps7_cortexa9_0/include -MMD -MP -MF"src/driveMotor_utilities.d" -MT"src/driveMotor_utilities.o" -o "src/driveMotor_utilities.o" "../src/driveMotor_utilities.c"
../src/driveMotor_utilities.c: In function 'driveMotor_setPidOutput':
../src/driveMotor_utilities.c:87:8: warning: unused variable 'tempPidOut' [-Wunused-variable]
  float tempPidOut;
        ^~~~~~~~~~
'Finished building: ../src/driveMotor_utilities.c'
' '
'Building file: ../src/pid.c'
'Invoking: ARM v7 gcc compiler'
arm-none-eabi-gcc -Wall -O0 -g3 -c -fmessage-length=0 -MT"src/pid.o" -mcpu=cortex-a9 -mfpu=vfpv3 -mfloat-abi=hard -I../../arm0_bsp/ps7_cortexa9_0/include -MMD -MP -MF"src/pid.d" -MT"src/pid.o" -o "src/pid.o" "../src/pid.c"
'Finished building: ../src/pid.c'
' '
'Building file: ../src/servoMotor_utilities.c'
'Invoking: ARM v7 gcc compiler'
arm-none-eabi-gcc -Wall -O0 -g3 -c -fmessage-length=0 -MT"src/servoMotor_utilities.o" -mcpu=cortex-a9 -mfpu=vfpv3 -mfloat-abi=hard -I../../arm0_bsp/ps7_cortexa9_0/include -MMD -MP -MF"src/servoMotor_utilities.d" -MT"src/servoMotor_utilities.o" -o "src/servoMotor_utilities.o" "../src/servoMotor_utilities.c"
../src/servoMotor_utilities.c: In function 'servoMotor_pidInitialize':
../src/servoMotor_utilities.c:80:6: warning: unused variable 'Status' [-Wunused-variable]
  int Status;
      ^~~~~~
../src/servoMotor_utilities.c: In function 'servoMotor_pwmInitialize':
../src/servoMotor_utilities.c:44:1: warning: control reaches end of non-void function [-Wreturn-type]
 }
 ^
'Finished building: ../src/servoMotor_utilities.c'
' '
'Building file: ../src/system.c'
'Invoking: ARM v7 gcc compiler'
arm-none-eabi-gcc -Wall -O0 -g3 -c -fmessage-length=0 -MT"src/system.o" -mcpu=cortex-a9 -mfpu=vfpv3 -mfloat-abi=hard -I../../arm0_bsp/ps7_cortexa9_0/include -MMD -MP -MF"src/system.d" -MT"src/system.o" -o "src/system.o" "../src/system.c"
'Finished building: ../src/system.c'
' '
'Building target: arm0.elf'
'Invoking: ARM v7 gcc linker'
arm-none-eabi-gcc -mcpu=cortex-a9 -mfpu=vfpv3 -mfloat-abi=hard -Wl,-build-id=none -specs=Xilinx.spec -Wl,-T -Wl,../src/lscript.ld -L../../arm0_bsp/ps7_cortexa9_0/lib -o "arm0.elf"  ./src/driveMotor_utilities.o ./src/pid.o ./src/servoMotor_utilities.o ./src/system.o   -lm -Wl,--start-group,-lxil,-lgcc,-lc,--end-group
c:/xilinx/sdk/2019.1/gnu/aarch32/nt/gcc-arm-none-eabi/bin/../lib/gcc/arm-none-eabi/8.2.0/../../../../arm-none-eabi/bin/ld.exe: ../../arm0_bsp/ps7_cortexa9_0/lib\libxil.a(xil-crt0.o): in function `_start':
C:\Users\george\Documents\local_projects\dryrun\dryrun.sdk\arm0_bsp\ps7_cortexa9_0\libsrc\standalone_v7_0\src/xil-crt0.S:138: undefined reference to `main'
collect2.exe: error: ld returned 1 exit status
make: *** [makefile:41: arm0.elf] Error 1
19:25:48 **** Clean-only build of configuration Debug for project arm0 ****
make clean 
rm -rf  ./src/driveMotor_utilities.o ./src/pid.o ./src/servoMotor_utilities.o ./src/system.o  ./src/driveMotor_utilities.d ./src/pid.d ./src/servoMotor_utilities.d ./src/system.d  arm0.elf.size  arm0.elf
' '
19:25:48 **** Auto Build of configuration Debug for project arm0 ****
make pre-build main-build 
a9-linaro-pre-build-step
' '
'Building file: ../src/driveMotor_utilities.c'
'Invoking: ARM v7 gcc compiler'
arm-none-eabi-gcc -Wall -O0 -g3 -c -fmessage-length=0 -MT"src/driveMotor_utilities.o" -mcpu=cortex-a9 -mfpu=vfpv3 -mfloat-abi=hard -I../../arm0_bsp/ps7_cortexa9_0/include -MMD -MP -MF"src/driveMotor_utilities.d" -MT"src/driveMotor_utilities.o" -o "src/driveMotor_utilities.o" "../src/driveMotor_utilities.c"
../src/driveMotor_utilities.c: In function 'driveMotor_setPidOutput':
../src/driveMotor_utilities.c:87:8: warning: unused variable 'tempPidOut' [-Wunused-variable]
  float tempPidOut;
        ^~~~~~~~~~
'Finished building: ../src/driveMotor_utilities.c'
' '
'Building file: ../src/motorDemo.c'
'Invoking: ARM v7 gcc compiler'
arm-none-eabi-gcc -Wall -O0 -g3 -c -fmessage-length=0 -MT"src/motorDemo.o" -mcpu=cortex-a9 -mfpu=vfpv3 -mfloat-abi=hard -I../../arm0_bsp/ps7_cortexa9_0/include -MMD -MP -MF"src/motorDemo.d" -MT"src/motorDemo.o" -o "src/motorDemo.o" "../src/motorDemo.c"
'Finished building: ../src/motorDemo.c'
' '
'Building file: ../src/pid.c'
'Invoking: ARM v7 gcc compiler'
arm-none-eabi-gcc -Wall -O0 -g3 -c -fmessage-length=0 -MT"src/pid.o" -mcpu=cortex-a9 -mfpu=vfpv3 -mfloat-abi=hard -I../../arm0_bsp/ps7_cortexa9_0/include -MMD -MP -MF"src/pid.d" -MT"src/pid.o" -o "src/pid.o" "../src/pid.c"
'Finished building: ../src/pid.c'
' '
'Building file: ../src/servoMotor_utilities.c'
'Invoking: ARM v7 gcc compiler'
arm-none-eabi-gcc -Wall -O0 -g3 -c -fmessage-length=0 -MT"src/servoMotor_utilities.o" -mcpu=cortex-a9 -mfpu=vfpv3 -mfloat-abi=hard -I../../arm0_bsp/ps7_cortexa9_0/include -MMD -MP -MF"src/servoMotor_utilities.d" -MT"src/servoMotor_utilities.o" -o "src/servoMotor_utilities.o" "../src/servoMotor_utilities.c"
../src/servoMotor_utilities.c: In function 'servoMotor_pidInitialize':
../src/servoMotor_utilities.c:80:6: warning: unused variable 'Status' [-Wunused-variable]
  int Status;
      ^~~~~~
../src/servoMotor_utilities.c: In function 'servoMotor_pwmInitialize':
../src/servoMotor_utilities.c:44:1: warning: control reaches end of non-void function [-Wreturn-type]
 }
 ^
'Finished building: ../src/servoMotor_utilities.c'
' '
'Building file: ../src/system.c'
'Invoking: ARM v7 gcc compiler'
arm-none-eabi-gcc -Wall -O0 -g3 -c -fmessage-length=0 -MT"src/system.o" -mcpu=cortex-a9 -mfpu=vfpv3 -mfloat-abi=hard -I../../arm0_bsp/ps7_cortexa9_0/include -MMD -MP -MF"src/system.d" -MT"src/system.o" -o "src/system.o" "../src/system.c"
'Finished building: ../src/system.c'
' '
'Building target: arm0.elf'
'Invoking: ARM v7 gcc linker'
arm-none-eabi-gcc -mcpu=cortex-a9 -mfpu=vfpv3 -mfloat-abi=hard -Wl,-build-id=none -specs=Xilinx.spec -Wl,-T -Wl,../src/lscript.ld -L../../arm0_bsp/ps7_cortexa9_0/lib -o "arm0.elf"  ./src/driveMotor_utilities.o ./src/motorDemo.o ./src/pid.o ./src/servoMotor_utilities.o ./src/system.o   -lm -Wl,--start-group,-lxil,-lgcc,-lc,--end-group
'Finished building target: arm0.elf'
' '
'Invoking: ARM v7 Print Size'
arm-none-eabi-size arm0.elf  |tee "arm0.elf.size"
   text	   data	    bss	    dec	    hex	filename
  57768	   3376	  23336	  84480	  14a00	arm0.elf
'Finished building: arm0.elf.size'
' '
19:25:53 **** Incremental Build of configuration Debug for project arm0 ****
make pre-build main-build 
a9-linaro-pre-build-step
' '
make: Nothing to be done for 'main-build'.
07:58:28 **** Auto Build of configuration Debug for project arm0 ****
make pre-build main-build 
a9-linaro-pre-build-step
' '
'Building file: ../src/motorDemo.c'
'Invoking: ARM v7 gcc compiler'
arm-none-eabi-gcc -Wall -O0 -g3 -c -fmessage-length=0 -MT"src/motorDemo.o" -mcpu=cortex-a9 -mfpu=vfpv3 -mfloat-abi=hard -I../../arm0_bsp/ps7_cortexa9_0/include -MMD -MP -MF"src/motorDemo.d" -MT"src/motorDemo.o" -o "src/motorDemo.o" "../src/motorDemo.c"
'Finished building: ../src/motorDemo.c'
' '
'Building target: arm0.elf'
'Invoking: ARM v7 gcc linker'
arm-none-eabi-gcc -mcpu=cortex-a9 -mfpu=vfpv3 -mfloat-abi=hard -Wl,-build-id=none -specs=Xilinx.spec -Wl,-T -Wl,../src/lscript.ld -L../../arm0_bsp/ps7_cortexa9_0/lib -o "arm0.elf"  ./src/driveMotor_utilities.o ./src/motorDemo.o ./src/pid.o ./src/servoMotor_utilities.o ./src/system.o   -lm -Wl,--start-group,-lxil,-lgcc,-lc,--end-group
'Finished building target: arm0.elf'
' '
'Invoking: ARM v7 Print Size'
arm-none-eabi-size arm0.elf  |tee "arm0.elf.size"
   text	   data	    bss	    dec	    hex	filename
  57768	   3376	  23336	  84480	  14a00	arm0.elf
'Finished building: arm0.elf.size'
' '
07:58:36 **** Auto Build of configuration Debug for project arm0 ****
make pre-build main-build 
a9-linaro-pre-build-step
' '
'Building file: ../src/motorDemo.c'
'Invoking: ARM v7 gcc compiler'
arm-none-eabi-gcc -Wall -O0 -g3 -c -fmessage-length=0 -MT"src/motorDemo.o" -mcpu=cortex-a9 -mfpu=vfpv3 -mfloat-abi=hard -I../../arm0_bsp/ps7_cortexa9_0/include -MMD -MP -MF"src/motorDemo.d" -MT"src/motorDemo.o" -o "src/motorDemo.o" "../src/motorDemo.c"
'Finished building: ../src/motorDemo.c'
' '
'Building target: arm0.elf'
'Invoking: ARM v7 gcc linker'
arm-none-eabi-gcc -mcpu=cortex-a9 -mfpu=vfpv3 -mfloat-abi=hard -Wl,-build-id=none -specs=Xilinx.spec -Wl,-T -Wl,../src/lscript.ld -L../../arm0_bsp/ps7_cortexa9_0/lib -o "arm0.elf"  ./src/driveMotor_utilities.o ./src/motorDemo.o ./src/pid.o ./src/servoMotor_utilities.o ./src/system.o   -lm -Wl,--start-group,-lxil,-lgcc,-lc,--end-group
'Finished building target: arm0.elf'
' '
'Invoking: ARM v7 Print Size'
arm-none-eabi-size arm0.elf  |tee "arm0.elf.size"
   text	   data	    bss	    dec	    hex	filename
  57768	   3376	  23336	  84480	  14a00	arm0.elf
'Finished building: arm0.elf.size'
' '
07:58:49 **** Auto Build of configuration Debug for project arm0 ****
make pre-build main-build 
a9-linaro-pre-build-step
' '
'Building file: ../src/motorDemo.c'
'Invoking: ARM v7 gcc compiler'
arm-none-eabi-gcc -Wall -O0 -g3 -c -fmessage-length=0 -MT"src/motorDemo.o" -mcpu=cortex-a9 -mfpu=vfpv3 -mfloat-abi=hard -I../../arm0_bsp/ps7_cortexa9_0/include -MMD -MP -MF"src/motorDemo.d" -MT"src/motorDemo.o" -o "src/motorDemo.o" "../src/motorDemo.c"
'Finished building: ../src/motorDemo.c'
' '
'Building target: arm0.elf'
'Invoking: ARM v7 gcc linker'
arm-none-eabi-gcc -mcpu=cortex-a9 -mfpu=vfpv3 -mfloat-abi=hard -Wl,-build-id=none -specs=Xilinx.spec -Wl,-T -Wl,../src/lscript.ld -L../../arm0_bsp/ps7_cortexa9_0/lib -o "arm0.elf"  ./src/driveMotor_utilities.o ./src/motorDemo.o ./src/pid.o ./src/servoMotor_utilities.o ./src/system.o   -lm -Wl,--start-group,-lxil,-lgcc,-lc,--end-group
'Finished building target: arm0.elf'
' '
'Invoking: ARM v7 Print Size'
arm-none-eabi-size arm0.elf  |tee "arm0.elf.size"
   text	   data	    bss	    dec	    hex	filename
  57768	   3376	  23336	  84480	  14a00	arm0.elf
'Finished building: arm0.elf.size'
' '
07:59:26 **** Auto Build of configuration Debug for project arm0 ****
make pre-build main-build 
a9-linaro-pre-build-step
' '
'Building file: ../src/driveMotor_utilities.c'
'Invoking: ARM v7 gcc compiler'
arm-none-eabi-gcc -Wall -O0 -g3 -c -fmessage-length=0 -MT"src/driveMotor_utilities.o" -mcpu=cortex-a9 -mfpu=vfpv3 -mfloat-abi=hard -I../../arm0_bsp/ps7_cortexa9_0/include -MMD -MP -MF"src/driveMotor_utilities.d" -MT"src/driveMotor_utilities.o" -o "src/driveMotor_utilities.o" "../src/driveMotor_utilities.c"
../src/driveMotor_utilities.c: In function 'driveMotor_setPidOutput':
../src/driveMotor_utilities.c:87:8: warning: unused variable 'tempPidOut' [-Wunused-variable]
  float tempPidOut;
        ^~~~~~~~~~
'Finished building: ../src/driveMotor_utilities.c'
' '
'Building target: arm0.elf'
'Invoking: ARM v7 gcc linker'
arm-none-eabi-gcc -mcpu=cortex-a9 -mfpu=vfpv3 -mfloat-abi=hard -Wl,-build-id=none -specs=Xilinx.spec -Wl,-T -Wl,../src/lscript.ld -L../../arm0_bsp/ps7_cortexa9_0/lib -o "arm0.elf"  ./src/driveMotor_utilities.o ./src/motorDemo.o ./src/pid.o ./src/servoMotor_utilities.o ./src/system.o   -lm -Wl,--start-group,-lxil,-lgcc,-lc,--end-group
'Finished building target: arm0.elf'
' '
'Invoking: ARM v7 Print Size'
arm-none-eabi-size arm0.elf  |tee "arm0.elf.size"
   text	   data	    bss	    dec	    hex	filename
  57680	   3376	  23336	  84392	  149a8	arm0.elf
'Finished building: arm0.elf.size'
' '
08:00:41 **** Auto Build of configuration Debug for project arm0 ****
make pre-build main-build 
a9-linaro-pre-build-step
' '
'Building file: ../src/motorDemo.c'
'Invoking: ARM v7 gcc compiler'
arm-none-eabi-gcc -Wall -O0 -g3 -c -fmessage-length=0 -MT"src/motorDemo.o" -mcpu=cortex-a9 -mfpu=vfpv3 -mfloat-abi=hard -I../../arm0_bsp/ps7_cortexa9_0/include -MMD -MP -MF"src/motorDemo.d" -MT"src/motorDemo.o" -o "src/motorDemo.o" "../src/motorDemo.c"
'Finished building: ../src/motorDemo.c'
' '
'Building target: arm0.elf'
'Invoking: ARM v7 gcc linker'
arm-none-eabi-gcc -mcpu=cortex-a9 -mfpu=vfpv3 -mfloat-abi=hard -Wl,-build-id=none -specs=Xilinx.spec -Wl,-T -Wl,../src/lscript.ld -L../../arm0_bsp/ps7_cortexa9_0/lib -o "arm0.elf"  ./src/driveMotor_utilities.o ./src/motorDemo.o ./src/pid.o ./src/servoMotor_utilities.o ./src/system.o   -lm -Wl,--start-group,-lxil,-lgcc,-lc,--end-group
'Finished building target: arm0.elf'
' '
'Invoking: ARM v7 Print Size'
arm-none-eabi-size arm0.elf  |tee "arm0.elf.size"
   text	   data	    bss	    dec	    hex	filename
  57680	   3376	  23336	  84392	  149a8	arm0.elf
'Finished building: arm0.elf.size'
' '
08:31:02 **** Incremental Build of configuration Debug for project arm0 ****
make pre-build main-build 
a9-linaro-pre-build-step
' '
make: Nothing to be done for 'main-build'.
08:31:37 **** Auto Build of configuration Debug for project arm0 ****
make pre-build main-build 
a9-linaro-pre-build-step
' '
'Building file: ../src/motorDemo.c'
'Invoking: ARM v7 gcc compiler'
arm-none-eabi-gcc -Wall -O0 -g3 -c -fmessage-length=0 -MT"src/motorDemo.o" -mcpu=cortex-a9 -mfpu=vfpv3 -mfloat-abi=hard -I../../arm0_bsp/ps7_cortexa9_0/include -MMD -MP -MF"src/motorDemo.d" -MT"src/motorDemo.o" -o "src/motorDemo.o" "../src/motorDemo.c"
'Finished building: ../src/motorDemo.c'
' '
'Building target: arm0.elf'
'Invoking: ARM v7 gcc linker'
arm-none-eabi-gcc -mcpu=cortex-a9 -mfpu=vfpv3 -mfloat-abi=hard -Wl,-build-id=none -specs=Xilinx.spec -Wl,-T -Wl,../src/lscript.ld -L../../arm0_bsp/ps7_cortexa9_0/lib -o "arm0.elf"  ./src/driveMotor_utilities.o ./src/motorDemo.o ./src/pid.o ./src/servoMotor_utilities.o ./src/system.o   -lm -Wl,--start-group,-lxil,-lgcc,-lc,--end-group
'Finished building target: arm0.elf'
' '
'Invoking: ARM v7 Print Size'
arm-none-eabi-size arm0.elf  |tee "arm0.elf.size"
   text	   data	    bss	    dec	    hex	filename
  57664	   3376	  23336	  84376	  14998	arm0.elf
'Finished building: arm0.elf.size'
' '
08:31:42 **** Incremental Build of configuration Debug for project arm0 ****
make pre-build main-build 
a9-linaro-pre-build-step
' '
make: Nothing to be done for 'main-build'.
08:32:49 **** Auto Build of configuration Debug for project arm0 ****
make pre-build main-build 
a9-linaro-pre-build-step
' '
'Building file: ../src/motorDemo.c'
'Invoking: ARM v7 gcc compiler'
arm-none-eabi-gcc -Wall -O0 -g3 -c -fmessage-length=0 -MT"src/motorDemo.o" -mcpu=cortex-a9 -mfpu=vfpv3 -mfloat-abi=hard -I../../arm0_bsp/ps7_cortexa9_0/include -MMD -MP -MF"src/motorDemo.d" -MT"src/motorDemo.o" -o "src/motorDemo.o" "../src/motorDemo.c"
'Finished building: ../src/motorDemo.c'
' '
'Building target: arm0.elf'
'Invoking: ARM v7 gcc linker'
arm-none-eabi-gcc -mcpu=cortex-a9 -mfpu=vfpv3 -mfloat-abi=hard -Wl,-build-id=none -specs=Xilinx.spec -Wl,-T -Wl,../src/lscript.ld -L../../arm0_bsp/ps7_cortexa9_0/lib -o "arm0.elf"  ./src/driveMotor_utilities.o ./src/motorDemo.o ./src/pid.o ./src/servoMotor_utilities.o ./src/system.o   -lm -Wl,--start-group,-lxil,-lgcc,-lc,--end-group
'Finished building target: arm0.elf'
' '
'Invoking: ARM v7 Print Size'
arm-none-eabi-size arm0.elf  |tee "arm0.elf.size"
   text	   data	    bss	    dec	    hex	filename
  57664	   3376	  23336	  84376	  14998	arm0.elf
'Finished building: arm0.elf.size'
' '
08:32:56 **** Incremental Build of configuration Debug for project arm0 ****
make pre-build main-build 
a9-linaro-pre-build-step
' '
make: Nothing to be done for 'main-build'.
08:33:14 **** Auto Build of configuration Debug for project arm0 ****
make pre-build main-build 
a9-linaro-pre-build-step
' '
'Building file: ../src/motorDemo.c'
'Invoking: ARM v7 gcc compiler'
arm-none-eabi-gcc -Wall -O0 -g3 -c -fmessage-length=0 -MT"src/motorDemo.o" -mcpu=cortex-a9 -mfpu=vfpv3 -mfloat-abi=hard -I../../arm0_bsp/ps7_cortexa9_0/include -MMD -MP -MF"src/motorDemo.d" -MT"src/motorDemo.o" -o "src/motorDemo.o" "../src/motorDemo.c"
'Finished building: ../src/motorDemo.c'
' '
'Building target: arm0.elf'
'Invoking: ARM v7 gcc linker'
arm-none-eabi-gcc -mcpu=cortex-a9 -mfpu=vfpv3 -mfloat-abi=hard -Wl,-build-id=none -specs=Xilinx.spec -Wl,-T -Wl,../src/lscript.ld -L../../arm0_bsp/ps7_cortexa9_0/lib -o "arm0.elf"  ./src/driveMotor_utilities.o ./src/motorDemo.o ./src/pid.o ./src/servoMotor_utilities.o ./src/system.o   -lm -Wl,--start-group,-lxil,-lgcc,-lc,--end-group
'Finished building target: arm0.elf'
' '
'Invoking: ARM v7 Print Size'
arm-none-eabi-size arm0.elf  |tee "arm0.elf.size"
   text	   data	    bss	    dec	    hex	filename
  57664	   3376	  23336	  84376	  14998	arm0.elf
'Finished building: arm0.elf.size'
' '
08:33:17 **** Incremental Build of configuration Debug for project arm0 ****
make pre-build main-build 
a9-linaro-pre-build-step
' '
make: Nothing to be done for 'main-build'.
08:58:47 **** Incremental Build of configuration Debug for project arm0 ****
make pre-build main-build 
a9-linaro-pre-build-step
' '
make: Nothing to be done for 'main-build'.
10:43:59 **** Clean-only build of configuration Debug for project arm0 ****
make clean 
rm -rf  ./src/driveMotor_utilities.o ./src/motorDemo.o ./src/pid.o ./src/servoMotor_utilities.o ./src/system.o  ./src/driveMotor_utilities.d ./src/motorDemo.d ./src/pid.d ./src/servoMotor_utilities.d ./src/system.d  arm0.elf.size  arm0.elf
' '
10:43:59 **** Auto Build of configuration Debug for project arm0 ****
make pre-build main-build 
a9-linaro-pre-build-step
' '
'Building file: ../src/driveMotor_utilities.c'
'Invoking: ARM v7 gcc compiler'
arm-none-eabi-gcc -Wall -O0 -g3 -c -fmessage-length=0 -MT"src/driveMotor_utilities.o" -mcpu=cortex-a9 -mfpu=vfpv3 -mfloat-abi=hard -I../../arm0_bsp/ps7_cortexa9_0/include -MMD -MP -MF"src/driveMotor_utilities.d" -MT"src/driveMotor_utilities.o" -o "src/driveMotor_utilities.o" "../src/driveMotor_utilities.c"
../src/driveMotor_utilities.c: In function 'driveMotor_setPidOutput':
../src/driveMotor_utilities.c:87:8: warning: unused variable 'tempPidOut' [-Wunused-variable]
  float tempPidOut;
        ^~~~~~~~~~
'Finished building: ../src/driveMotor_utilities.c'
' '
'Building file: ../src/motorDemo.c'
'Invoking: ARM v7 gcc compiler'
arm-none-eabi-gcc -Wall -O0 -g3 -c -fmessage-length=0 -MT"src/motorDemo.o" -mcpu=cortex-a9 -mfpu=vfpv3 -mfloat-abi=hard -I../../arm0_bsp/ps7_cortexa9_0/include -MMD -MP -MF"src/motorDemo.d" -MT"src/motorDemo.o" -o "src/motorDemo.o" "../src/motorDemo.c"
'Finished building: ../src/motorDemo.c'
' '
'Building file: ../src/pid.c'
'Invoking: ARM v7 gcc compiler'
arm-none-eabi-gcc -Wall -O0 -g3 -c -fmessage-length=0 -MT"src/pid.o" -mcpu=cortex-a9 -mfpu=vfpv3 -mfloat-abi=hard -I../../arm0_bsp/ps7_cortexa9_0/include -MMD -MP -MF"src/pid.d" -MT"src/pid.o" -o "src/pid.o" "../src/pid.c"
'Finished building: ../src/pid.c'
' '
'Building file: ../src/servoMotor_utilities.c'
'Invoking: ARM v7 gcc compiler'
arm-none-eabi-gcc -Wall -O0 -g3 -c -fmessage-length=0 -MT"src/servoMotor_utilities.o" -mcpu=cortex-a9 -mfpu=vfpv3 -mfloat-abi=hard -I../../arm0_bsp/ps7_cortexa9_0/include -MMD -MP -MF"src/servoMotor_utilities.d" -MT"src/servoMotor_utilities.o" -o "src/servoMotor_utilities.o" "../src/servoMotor_utilities.c"
../src/servoMotor_utilities.c: In function 'servoMotor_pidInitialize':
../src/servoMotor_utilities.c:80:6: warning: unused variable 'Status' [-Wunused-variable]
  int Status;
      ^~~~~~
../src/servoMotor_utilities.c: In function 'servoMotor_pwmInitialize':
../src/servoMotor_utilities.c:44:1: warning: control reaches end of non-void function [-Wreturn-type]
 }
 ^
'Finished building: ../src/servoMotor_utilities.c'
' '
'Building file: ../src/system.c'
'Invoking: ARM v7 gcc compiler'
arm-none-eabi-gcc -Wall -O0 -g3 -c -fmessage-length=0 -MT"src/system.o" -mcpu=cortex-a9 -mfpu=vfpv3 -mfloat-abi=hard -I../../arm0_bsp/ps7_cortexa9_0/include -MMD -MP -MF"src/system.d" -MT"src/system.o" -o "src/system.o" "../src/system.c"
'Finished building: ../src/system.c'
' '
'Building target: arm0.elf'
'Invoking: ARM v7 gcc linker'
arm-none-eabi-gcc -mcpu=cortex-a9 -mfpu=vfpv3 -mfloat-abi=hard -Wl,-build-id=none -specs=Xilinx.spec -Wl,-T -Wl,../src/lscript.ld -L../../arm0_bsp/ps7_cortexa9_0/lib -o "arm0.elf"  ./src/driveMotor_utilities.o ./src/motorDemo.o ./src/pid.o ./src/servoMotor_utilities.o ./src/system.o   -lm -Wl,--start-group,-lxil,-lgcc,-lc,--end-group
'Finished building target: arm0.elf'
' '
'Invoking: ARM v7 Print Size'
arm-none-eabi-size arm0.elf  |tee "arm0.elf.size"
   text	   data	    bss	    dec	    hex	filename
  57664	   3376	  23336	  84376	  14998	arm0.elf
'Finished building: arm0.elf.size'
' '
10:44:02 **** Clean-only build of configuration Debug for project arm0 ****
make clean 
rm -rf  ./src/driveMotor_utilities.o ./src/motorDemo.o ./src/pid.o ./src/servoMotor_utilities.o ./src/system.o  ./src/driveMotor_utilities.d ./src/motorDemo.d ./src/pid.d ./src/servoMotor_utilities.d ./src/system.d  arm0.elf.size  arm0.elf
' '
10:44:02 **** Auto Build of configuration Debug for project arm0 ****
make pre-build main-build 
a9-linaro-pre-build-step
' '
'Building file: ../src/driveMotor_utilities.c'
'Invoking: ARM v7 gcc compiler'
arm-none-eabi-gcc -Wall -O0 -g3 -c -fmessage-length=0 -MT"src/driveMotor_utilities.o" -mcpu=cortex-a9 -mfpu=vfpv3 -mfloat-abi=hard -I../../arm0_bsp/ps7_cortexa9_0/include -MMD -MP -MF"src/driveMotor_utilities.d" -MT"src/driveMotor_utilities.o" -o "src/driveMotor_utilities.o" "../src/driveMotor_utilities.c"
../src/driveMotor_utilities.c: In function 'driveMotor_setPidOutput':
../src/driveMotor_utilities.c:87:8: warning: unused variable 'tempPidOut' [-Wunused-variable]
  float tempPidOut;
        ^~~~~~~~~~
'Finished building: ../src/driveMotor_utilities.c'
' '
'Building file: ../src/pid.c'
'Invoking: ARM v7 gcc compiler'
arm-none-eabi-gcc -Wall -O0 -g3 -c -fmessage-length=0 -MT"src/pid.o" -mcpu=cortex-a9 -mfpu=vfpv3 -mfloat-abi=hard -I../../arm0_bsp/ps7_cortexa9_0/include -MMD -MP -MF"src/pid.d" -MT"src/pid.o" -o "src/pid.o" "../src/pid.c"
'Finished building: ../src/pid.c'
' '
'Building file: ../src/servoMotor_utilities.c'
'Invoking: ARM v7 gcc compiler'
arm-none-eabi-gcc -Wall -O0 -g3 -c -fmessage-length=0 -MT"src/servoMotor_utilities.o" -mcpu=cortex-a9 -mfpu=vfpv3 -mfloat-abi=hard -I../../arm0_bsp/ps7_cortexa9_0/include -MMD -MP -MF"src/servoMotor_utilities.d" -MT"src/servoMotor_utilities.o" -o "src/servoMotor_utilities.o" "../src/servoMotor_utilities.c"
../src/servoMotor_utilities.c: In function 'servoMotor_pidInitialize':
../src/servoMotor_utilities.c:80:6: warning: unused variable 'Status' [-Wunused-variable]
  int Status;
      ^~~~~~
../src/servoMotor_utilities.c: In function 'servoMotor_pwmInitialize':
../src/servoMotor_utilities.c:44:1: warning: control reaches end of non-void function [-Wreturn-type]
 }
 ^
'Finished building: ../src/servoMotor_utilities.c'
' '
'Building file: ../src/system.c'
'Invoking: ARM v7 gcc compiler'
arm-none-eabi-gcc -Wall -O0 -g3 -c -fmessage-length=0 -MT"src/system.o" -mcpu=cortex-a9 -mfpu=vfpv3 -mfloat-abi=hard -I../../arm0_bsp/ps7_cortexa9_0/include -MMD -MP -MF"src/system.d" -MT"src/system.o" -o "src/system.o" "../src/system.c"
'Finished building: ../src/system.c'
' '
'Building target: arm0.elf'
'Invoking: ARM v7 gcc linker'
arm-none-eabi-gcc -mcpu=cortex-a9 -mfpu=vfpv3 -mfloat-abi=hard -Wl,-build-id=none -specs=Xilinx.spec -Wl,-T -Wl,../src/lscript.ld -L../../arm0_bsp/ps7_cortexa9_0/lib -o "arm0.elf"  ./src/driveMotor_utilities.o ./src/pid.o ./src/servoMotor_utilities.o ./src/system.o   -lm -Wl,--start-group,-lxil,-lgcc,-lc,--end-group
c:/xilinx/sdk/2019.1/gnu/aarch32/nt/gcc-arm-none-eabi/bin/../lib/gcc/arm-none-eabi/8.2.0/../../../../arm-none-eabi/bin/ld.exe: ../../arm0_bsp/ps7_cortexa9_0/lib\libxil.a(xil-crt0.o): in function `_start':
C:\Users\george\Documents\local_projects\dryrun\dryrun.sdk\arm0_bsp\ps7_cortexa9_0\libsrc\standalone_v7_0\src/xil-crt0.S:138: undefined reference to `main'
collect2.exe: error: ld returned 1 exit status
make: *** [makefile:41: arm0.elf] Error 1
10:44:18 **** Auto Build of configuration Debug for project arm0 ****
make pre-build main-build 
a9-linaro-pre-build-step
' '
'Building file: ../src/driveMotor_utilities.c'
'Invoking: ARM v7 gcc compiler'
arm-none-eabi-gcc -Wall -O0 -g3 -c -fmessage-length=0 -MT"src/driveMotor_utilities.o" -mcpu=cortex-a9 -mfpu=vfpv3 -mfloat-abi=hard -I../../arm0_bsp/ps7_cortexa9_0/include -MMD -MP -MF"src/driveMotor_utilities.d" -MT"src/driveMotor_utilities.o" -o "src/driveMotor_utilities.o" "../src/driveMotor_utilities.c"
../src/driveMotor_utilities.c: In function 'driveMotor_setPidOutput':
../src/driveMotor_utilities.c:87:8: warning: unused variable 'tempPidOut' [-Wunused-variable]
  float tempPidOut;
        ^~~~~~~~~~
'Finished building: ../src/driveMotor_utilities.c'
' '
'Building target: arm0.elf'
'Invoking: ARM v7 gcc linker'
arm-none-eabi-gcc -mcpu=cortex-a9 -mfpu=vfpv3 -mfloat-abi=hard -Wl,-build-id=none -specs=Xilinx.spec -Wl,-T -Wl,../src/lscript.ld -L../../arm0_bsp/ps7_cortexa9_0/lib -o "arm0.elf"  ./src/driveMotor_utilities.o ./src/pid.o ./src/servoMotor_utilities.o ./src/system.o   -lm -Wl,--start-group,-lxil,-lgcc,-lc,--end-group
c:/xilinx/sdk/2019.1/gnu/aarch32/nt/gcc-arm-none-eabi/bin/../lib/gcc/arm-none-eabi/8.2.0/../../../../arm-none-eabi/bin/ld.exe: ../../arm0_bsp/ps7_cortexa9_0/lib\libxil.a(xil-crt0.o): in function `_start':
C:\Users\george\Documents\local_projects\dryrun\dryrun.sdk\arm0_bsp\ps7_cortexa9_0\libsrc\standalone_v7_0\src/xil-crt0.S:138: undefined reference to `main'
collect2.exe: error: ld returned 1 exit status
make: *** [makefile:41: arm0.elf] Error 1
10:49:58 **** Build of project arm1_bsp ****
make -k all 
"Running Make include in ps7_cortexa9_1/libsrc/coresightps_dcc_v1_5/src"
make -C ps7_cortexa9_1/libsrc/coresightps_dcc_v1_5/src -s include  "SHELL=CMD" "COMPILER=arm-none-eabi-gcc" "ARCHIVER=arm-none-eabi-ar" "COMPILER_FLAGS=  -O2 -c" "EXTRA_COMPILER_FLAGS=-mcpu=cortex-a9 -mfpu=vfpv3 -mfloat-abi=hard -nostartfiles -g -Wall -Wextra"
"Running Make include in ps7_cortexa9_1/libsrc/cpu_cortexa9_v2_7/src"
make -C ps7_cortexa9_1/libsrc/cpu_cortexa9_v2_7/src -s include  "SHELL=CMD" "COMPILER=arm-none-eabi-gcc" "ARCHIVER=arm-none-eabi-ar" "COMPILER_FLAGS=  -O2 -c" "EXTRA_COMPILER_FLAGS=-mcpu=cortex-a9 -mfpu=vfpv3 -mfloat-abi=hard -nostartfiles -g -Wall -Wextra"
"Running Make include in ps7_cortexa9_1/libsrc/ddrps_v1_0/src"
make -C ps7_cortexa9_1/libsrc/ddrps_v1_0/src -s include  "SHELL=CMD" "COMPILER=arm-none-eabi-gcc" "ARCHIVER=arm-none-eabi-ar" "COMPILER_FLAGS=  -O2 -c" "EXTRA_COMPILER_FLAGS=-mcpu=cortex-a9 -mfpu=vfpv3 -mfloat-abi=hard -nostartfiles -g -Wall -Wextra"
"Running Make include in ps7_cortexa9_1/libsrc/devcfg_v3_5/src"
make -C ps7_cortexa9_1/libsrc/devcfg_v3_5/src -s include  "SHELL=CMD" "COMPILER=arm-none-eabi-gcc" "ARCHIVER=arm-none-eabi-ar" "COMPILER_FLAGS=  -O2 -c" "EXTRA_COMPILER_FLAGS=-mcpu=cortex-a9 -mfpu=vfpv3 -mfloat-abi=hard -nostartfiles -g -Wall -Wextra"
"Running Make include in ps7_cortexa9_1/libsrc/dmaps_v2_4/src"
make -C ps7_cortexa9_1/libsrc/dmaps_v2_4/src -s include  "SHELL=CMD" "COMPILER=arm-none-eabi-gcc" "ARCHIVER=arm-none-eabi-ar" "COMPILER_FLAGS=  -O2 -c" "EXTRA_COMPILER_FLAGS=-mcpu=cortex-a9 -mfpu=vfpv3 -mfloat-abi=hard -nostartfiles -g -Wall -Wextra"
"Running Make include in ps7_cortexa9_1/libsrc/emacps_v3_9/src"
make -C ps7_cortexa9_1/libsrc/emacps_v3_9/src -s include  "SHELL=CMD" "COMPILER=arm-none-eabi-gcc" "ARCHIVER=arm-none-eabi-ar" "COMPILER_FLAGS=  -O2 -c" "EXTRA_COMPILER_FLAGS=-mcpu=cortex-a9 -mfpu=vfpv3 -mfloat-abi=hard -nostartfiles -g -Wall -Wextra"
"Running Make include in ps7_cortexa9_1/libsrc/gpiops_v3_5/src"
make -C ps7_cortexa9_1/libsrc/gpiops_v3_5/src -s include  "SHELL=CMD" "COMPILER=arm-none-eabi-gcc" "ARCHIVER=arm-none-eabi-ar" "COMPILER_FLAGS=  -O2 -c" "EXTRA_COMPILER_FLAGS=-mcpu=cortex-a9 -mfpu=vfpv3 -mfloat-abi=hard -nostartfiles -g -Wall -Wextra"
"Running Make include in ps7_cortexa9_1/libsrc/motorEncoder_v1_0/src"
make -C ps7_cortexa9_1/libsrc/motorEncoder_v1_0/src -s include  "SHELL=CMD" "COMPILER=arm-none-eabi-gcc" "ARCHIVER=arm-none-eabi-ar" "COMPILER_FLAGS=  -O2 -c" "EXTRA_COMPILER_FLAGS=-mcpu=cortex-a9 -mfpu=vfpv3 -mfloat-abi=hard -nostartfiles -g -Wall -Wextra"
"Running Make include in ps7_cortexa9_1/libsrc/motorPWM_v1_0/src"
make -C ps7_cortexa9_1/libsrc/motorPWM_v1_0/src -s include  "SHELL=CMD" "COMPILER=arm-none-eabi-gcc" "ARCHIVER=arm-none-eabi-ar" "COMPILER_FLAGS=  -O2 -c" "EXTRA_COMPILER_FLAGS=-mcpu=cortex-a9 -mfpu=vfpv3 -mfloat-abi=hard -nostartfiles -g -Wall -Wextra"
"Running Make include in ps7_cortexa9_1/libsrc/qspips_v3_6/src"
[...]
"Running Make include in ps7_cortexa9_1/libsrc/usbps_v2_4/src"
make -C ps7_cortexa9_1/libsrc/usbps_v2_4/src -s include  "SHELL=CMD" "COMPILER=arm-none-eabi-gcc" "ARCHIVER=arm-none-eabi-ar" "COMPILER_FLAGS=  -O2 -c" "EXTRA_COMPILER_FLAGS=-mcpu=cortex-a9 -mfpu=vfpv3 -mfloat-abi=hard -nostartfiles -g -Wall -Wextra"
"Running Make include in ps7_cortexa9_1/libsrc/xadcps_v2_3/src"
make -C ps7_cortexa9_1/libsrc/xadcps_v2_3/src -s include  "SHELL=CMD" "COMPILER=arm-none-eabi-gcc" "ARCHIVER=arm-none-eabi-ar" "COMPILER_FLAGS=  -O2 -c" "EXTRA_COMPILER_FLAGS=-mcpu=cortex-a9 -mfpu=vfpv3 -mfloat-abi=hard -nostartfiles -g -Wall -Wextra"
"Running Make libs in ps7_cortexa9_1/libsrc/coresightps_dcc_v1_5/src"
make -C ps7_cortexa9_1/libsrc/coresightps_dcc_v1_5/src -s libs  "SHELL=CMD" "COMPILER=arm-none-eabi-gcc" "ARCHIVER=arm-none-eabi-ar" "COMPILER_FLAGS=  -O2 -c" "EXTRA_COMPILER_FLAGS=-mcpu=cortex-a9 -mfpu=vfpv3 -mfloat-abi=hard -nostartfiles -g -Wall -Wextra"
"Compiling coresightps_dcc"
arm-none-eabi-ar: creating ../../../lib/libxil.a
"Running Make libs in ps7_cortexa9_1/libsrc/cpu_cortexa9_v2_7/src"
make -C ps7_cortexa9_1/libsrc/cpu_cortexa9_v2_7/src -s libs  "SHELL=CMD" "COMPILER=arm-none-eabi-gcc" "ARCHIVER=arm-none-eabi-ar" "COMPILER_FLAGS=  -O2 -c" "EXTRA_COMPILER_FLAGS=-mcpu=cortex-a9 -mfpu=vfpv3 -mfloat-abi=hard -nostartfiles -g -Wall -Wextra"
"Compiling cpu_cortexa9"
"Running Make libs in ps7_cortexa9_1/libsrc/ddrps_v1_0/src"
make -C ps7_cortexa9_1/libsrc/ddrps_v1_0/src -s libs  "SHELL=CMD" "COMPILER=arm-none-eabi-gcc" "ARCHIVER=arm-none-eabi-ar" "COMPILER_FLAGS=  -O2 -c" "EXTRA_COMPILER_FLAGS=-mcpu=cortex-a9 -mfpu=vfpv3 -mfloat-abi=hard -nostartfiles -g -Wall -Wextra"
"Compiling ddrps"
"Running Make libs in ps7_cortexa9_1/libsrc/devcfg_v3_5/src"
make -C ps7_cortexa9_1/libsrc/devcfg_v3_5/src -s libs  "SHELL=CMD" "COMPILER=arm-none-eabi-gcc" "ARCHIVER=arm-none-eabi-ar" "COMPILER_FLAGS=  -O2 -c" "EXTRA_COMPILER_FLAGS=-mcpu=cortex-a9 -mfpu=vfpv3 -mfloat-abi=hard -nostartfiles -g -Wall -Wextra"
"Compiling devcfg"
"Running Make libs in ps7_cortexa9_1/libsrc/dmaps_v2_4/src"
make -C ps7_cortexa9_1/libsrc/dmaps_v2_4/src -s libs  "SHELL=CMD" "COMPILER=arm-none-eabi-gcc" "ARCHIVER=arm-none-eabi-ar" "COMPILER_FLAGS=  -O2 -c" "EXTRA_COMPILER_FLAGS=-mcpu=cortex-a9 -mfpu=vfpv3 -mfloat-abi=hard -nostartfiles -g -Wall -Wextra"
"Compiling dmaps"
"Running Make libs in ps7_cortexa9_1/libsrc/emacps_v3_9/src"
make -C ps7_cortexa9_1/libsrc/emacps_v3_9/src -s libs  "SHELL=CMD" "COMPILER=arm-none-eabi-gcc" "ARCHIVER=arm-none-eabi-ar" "COMPILER_FLAGS=  -O2 -c" "EXTRA_COMPILER_FLAGS=-mcpu=cortex-a9 -mfpu=vfpv3 -mfloat-abi=hard -nostartfiles -g -Wall -Wextra"
"Compiling emacps"
"Running Make libs in ps7_cortexa9_1/libsrc/gpiops_v3_5/src"
make -C ps7_cortexa9_1/libsrc/gpiops_v3_5/src -s libs  "SHELL=CMD" "COMPILER=arm-none-eabi-gcc" "ARCHIVER=arm-none-eabi-ar" "COMPILER_FLAGS=  -O2 -c" "EXTRA_COMPILER_FLAGS=-mcpu=cortex-a9 -mfpu=vfpv3 -mfloat-abi=hard -nostartfiles -g -Wall -Wextra"
"Compiling gpiops"
"Running Make libs in ps7_cortexa9_1/libsrc/motorEncoder_v1_0/src"
make -C ps7_cortexa9_1/libsrc/motorEncoder_v1_0/src -s libs  "SHELL=CMD" "COMPILER=arm-none-eabi-gcc" "ARCHIVER=arm-none-eabi-ar" "COMPILER_FLAGS=  -O2 -c" "EXTRA_COMPILER_FLAGS=-mcpu=cortex-a9 -mfpu=vfpv3 -mfloat-abi=hard -nostartfiles -g -Wall -Wextra"
"Compiling motorEncoder..."
motorEncoder_selftest.c: In function 'MOTORENCODER_Reg_SelfTest':
motorEncoder_selftest.c:52:61: warning: comparison of integer expressions of different signedness: 'u32' {aka 'long unsigned int'} and 'int' [-Wsign-compare]
    if ( MOTORENCODER_mReadReg (baseaddr, read_loop_index*4) != (read_loop_index+1)*READ_WRITE_MUL_FACTOR){
                                                             ^~
motorEncoder_selftest.c:36:6: warning: unused variable 'Index' [-Wunused-variable]
  int Index;
      ^~~~~
"Running Make libs in ps7_cortexa9_1/libsrc/motorPWM_v1_0/src"
make -C ps7_cortexa9_1/libsrc/motorPWM_v1_0/src -s libs  "SHELL=CMD" "COMPILER=arm-none-eabi-gcc" "ARCHIVER=arm-none-eabi-ar" "COMPILER_FLAGS=  -O2 -c" "EXTRA_COMPILER_FLAGS=-mcpu=cortex-a9 -mfpu=vfpv3 -mfloat-abi=hard -nostartfiles -g -Wall -Wextra"
"Compiling motorPWM..."
motorPWM_selftest.c: In function 'MOTORPWM_Reg_SelfTest':
motorPWM_selftest.c:52:57: warning: comparison of integer expressions of different signedness: 'u32' {aka 'long unsigned int'} and 'int' [-Wsign-compare]
    if ( MOTORPWM_mReadReg (baseaddr, read_loop_index*4) != (read_loop_index+1)*READ_WRITE_MUL_FACTOR){
                                                         ^~
motorPWM_selftest.c:36:6: warning: unused variable 'Index' [-Wunused-variable]
  int Index;
      ^~~~~
"Running Make libs in ps7_cortexa9_1/libsrc/qspips_v3_6/src"
make -C ps7_cortexa9_1/libsrc/qspips_v3_6/src -s libs  "SHELL=CMD" "COMPILER=arm-none-eabi-gcc" "ARCHIVER=arm-none-eabi-ar" "COMPILER_FLAGS=  -O2 -c" "EXTRA_COMPILER_FLAGS=-mcpu=cortex-a9 -mfpu=vfpv3 -mfloat-abi=hard -nostartfiles -g -Wall -Wextra"
"Compiling qspips"
"Running Make libs in ps7_cortexa9_1/libsrc/scugic_v4_0/src"
make -C ps7_cortexa9_1/libsrc/scugic_v4_0/src -s libs  "SHELL=CMD" "COMPILER=arm-none-eabi-gcc" "ARCHIVER=arm-none-eabi-ar" "COMPILER_FLAGS=  -O2 -c" "EXTRA_COMPILER_FLAGS=-mcpu=cortex-a9 -mfpu=vfpv3 -mfloat-abi=hard -nostartfiles -g -Wall -Wextra"
"Compiling scugic"
"Running Make libs in ps7_cortexa9_1/libsrc/scutimer_v2_1/src"
make -C ps7_cortexa9_1/libsrc/scutimer_v2_1/src -s libs  "SHELL=CMD" "COMPILER=arm-none-eabi-gcc" "ARCHIVER=arm-none-eabi-ar" "COMPILER_FLAGS=  -O2 -c" "EXTRA_COMPILER_FLAGS=-mcpu=cortex-a9 -mfpu=vfpv3 -mfloat-abi=hard -nostartfiles -g -Wall -Wextra"
"Compiling scutimer"
"Running Make libs in ps7_cortexa9_1/libsrc/scuwdt_v2_1/src"
make -C ps7_cortexa9_1/libsrc/scuwdt_v2_1/src -s libs  "SHELL=CMD" "COMPILER=arm-none-eabi-gcc" "ARCHIVER=arm-none-eabi-ar" "COMPILER_FLAGS=  -O2 -c" "EXTRA_COMPILER_FLAGS=-mcpu=cortex-a9 -mfpu=vfpv3 -mfloat-abi=hard -nostartfiles -g -Wall -Wextra"
"Compiling scuwdt"
"Running Make libs in ps7_cortexa9_1/libsrc/sdps_v3_7/src"
make -C ps7_cortexa9_1/libsrc/sdps_v3_7/src -s libs  "SHELL=CMD" "COMPILER=arm-none-eabi-gcc" "ARCHIVER=arm-none-eabi-ar" "COMPILER_FLAGS=  -O2 -c" "EXTRA_COMPILER_FLAGS=-mcpu=cortex-a9 -mfpu=vfpv3 -mfloat-abi=hard -nostartfiles -g -Wall -Wextra"
"Compiling sdps"
"Running Make libs in ps7_cortexa9_1/libsrc/servoz3_v1_0/src"
make -C ps7_cortexa9_1/libsrc/servoz3_v1_0/src -s libs  "SHELL=CMD" "COMPILER=arm-none-eabi-gcc" "ARCHIVER=arm-none-eabi-ar" "COMPILER_FLAGS=  -O2 -c" "EXTRA_COMPILER_FLAGS=-mcpu=cortex-a9 -mfpu=vfpv3 -mfloat-abi=hard -nostartfiles -g -Wall -Wextra"
"Compiling servoz3..."
servoz3_selftest.c: In function 'SERVOZ3_Reg_SelfTest':
servoz3_selftest.c:52:56: warning: comparison of integer expressions of different signedness: 'u32' {aka 'long unsigned int'} and 'int' [-Wsign-compare]
    if ( SERVOZ3_mReadReg (baseaddr, read_loop_index*4) != (read_loop_index+1)*READ_WRITE_MUL_FACTOR){
                                                        ^~
servoz3_selftest.c:36:6: warning: unused variable 'Index' [-Wunused-variable]
  int Index;
      ^~~~~
"Running Make libs in ps7_cortexa9_1/libsrc/standalone_v7_0/src"
make -C ps7_cortexa9_1/libsrc/standalone_v7_0/src -s libs  "SHELL=CMD" "COMPILER=arm-none-eabi-gcc" "ARCHIVER=arm-none-eabi-ar" "COMPILER_FLAGS=  -O2 -c" "EXTRA_COMPILER_FLAGS=-mcpu=cortex-a9 -mfpu=vfpv3 -mfloat-abi=hard -nostartfiles -g -Wall -Wextra"
"Compiling standalone"
In file included from usleep.c:56:
xtime_l.h:87:9: note: #pragma message: For the sleep routines, Global timer is being used
 #pragma message ("For the sleep routines, Global timer is being used")
         ^~~~~~~
In file included from xil_sleeptimer.c:51:
xtime_l.h:87:9: note: #pragma message: For the sleep routines, Global timer is being used
 #pragma message ("For the sleep routines, Global timer is being used")
         ^~~~~~~
In file included from xtime_l.c:49:
xtime_l.h:87:9: note: #pragma message: For the sleep routines, Global timer is being used
 #pragma message ("For the sleep routines, Global timer is being used")
         ^~~~~~~
In file included from sleep.c:53:
xtime_l.h:87:9: note: #pragma message: For the sleep routines, Global timer is being used
 #pragma message ("For the sleep routines, Global timer is being used")
         ^~~~~~~
"Running Make libs in ps7_cortexa9_1/libsrc/sysmon_v7_5/src"
make -C ps7_cortexa9_1/libsrc/sysmon_v7_5/src -s libs  "SHELL=CMD" "COMPILER=arm-none-eabi-gcc" "ARCHIVER=arm-none-eabi-ar" "COMPILER_FLAGS=  -O2 -c" "EXTRA_COMPILER_FLAGS=-mcpu=cortex-a9 -mfpu=vfpv3 -mfloat-abi=hard -nostartfiles -g -Wall -Wextra"
"Compiling sysmon"
"Running Make libs in ps7_cortexa9_1/libsrc/uartlite_v3_2/src"
make -C ps7_cortexa9_1/libsrc/uartlite_v3_2/src -s libs  "SHELL=CMD" "COMPILER=arm-none-eabi-gcc" "ARCHIVER=arm-none-eabi-ar" "COMPILER_FLAGS=  -O2 -c" "EXTRA_COMPILER_FLAGS=-mcpu=cortex-a9 -mfpu=vfpv3 -mfloat-abi=hard -nostartfiles -g -Wall -Wextra"
"Compiling uartlite"
"Running Make libs in ps7_cortexa9_1/libsrc/uartps_v3_7/src"
make -C ps7_cortexa9_1/libsrc/uartps_v3_7/src -s libs  "SHELL=CMD" "COMPILER=arm-none-eabi-gcc" "ARCHIVER=arm-none-eabi-ar" "COMPILER_FLAGS=  -O2 -c" "EXTRA_COMPILER_FLAGS=-mcpu=cortex-a9 -mfpu=vfpv3 -mfloat-abi=hard -nostartfiles -g -Wall -Wextra"
"Compiling uartps"
"Running Make libs in ps7_cortexa9_1/libsrc/usbps_v2_4/src"
make -C ps7_cortexa9_1/libsrc/usbps_v2_4/src -s libs  "SHELL=CMD" "COMPILER=arm-none-eabi-gcc" "ARCHIVER=arm-none-eabi-ar" "COMPILER_FLAGS=  -O2 -c" "EXTRA_COMPILER_FLAGS=-mcpu=cortex-a9 -mfpu=vfpv3 -mfloat-abi=hard -nostartfiles -g -Wall -Wextra"
"Compiling usbps"
"Running Make libs in ps7_cortexa9_1/libsrc/xadcps_v2_3/src"
make -C ps7_cortexa9_1/libsrc/xadcps_v2_3/src -s libs  "SHELL=CMD" "COMPILER=arm-none-eabi-gcc" "ARCHIVER=arm-none-eabi-ar" "COMPILER_FLAGS=  -O2 -c" "EXTRA_COMPILER_FLAGS=-mcpu=cortex-a9 -mfpu=vfpv3 -mfloat-abi=hard -nostartfiles -g -Wall -Wextra"
"Compiling xadcps"
'Finished building libraries'

**** Build of configuration Debug for project arm1 ****

Nothing to build for project arm1
13:02:39 **** Auto Build of configuration Debug for project arm0 ****
make pre-build main-build 
a9-linaro-pre-build-step
' '
'Building file: ../src/servoMotor_utilities.c'
'Invoking: ARM v7 gcc compiler'
arm-none-eabi-gcc -Wall -O0 -g3 -c -fmessage-length=0 -MT"src/servoMotor_utilities.o" -mcpu=cortex-a9 -mfpu=vfpv3 -mfloat-abi=hard -I../../arm0_bsp/ps7_cortexa9_0/include -MMD -MP -MF"src/servoMotor_utilities.d" -MT"src/servoMotor_utilities.o" -o "src/servoMotor_utilities.o" "../src/servoMotor_utilities.c"
../src/servoMotor_utilities.c: In function 'servoMotor_pidInitialize':
../src/servoMotor_utilities.c:80:6: warning: unused variable 'Status' [-Wunused-variable]
  int Status;
      ^~~~~~
../src/servoMotor_utilities.c: In function 'servoMotor_pwmInitialize':
../src/servoMotor_utilities.c:44:1: warning: control reaches end of non-void function [-Wreturn-type]
 }
 ^
'Finished building: ../src/servoMotor_utilities.c'
' '
'Building target: arm0.elf'
'Invoking: ARM v7 gcc linker'
arm-none-eabi-gcc -mcpu=cortex-a9 -mfpu=vfpv3 -mfloat-abi=hard -Wl,-build-id=none -specs=Xilinx.spec -Wl,-T -Wl,../src/lscript.ld -L../../arm0_bsp/ps7_cortexa9_0/lib -o "arm0.elf"  ./src/driveMotor_utilities.o ./src/pid.o ./src/servoMotor_utilities.o ./src/system.o   -lm -Wl,--start-group,-lxil,-lgcc,-lc,--end-group
c:/xilinx/sdk/2019.1/gnu/aarch32/nt/gcc-arm-none-eabi/bin/../lib/gcc/arm-none-eabi/8.2.0/../../../../arm-none-eabi/bin/ld.exe: ../../arm0_bsp/ps7_cortexa9_0/lib\libxil.a(xil-crt0.o): in function `_start':
C:\Users\george\Documents\local_projects\dryrun\dryrun.sdk\arm0_bsp\ps7_cortexa9_0\libsrc\standalone_v7_0\src/xil-crt0.S:138: undefined reference to `main'
collect2.exe: error: ld returned 1 exit status
make: *** [makefile:41: arm0.elf] Error 1
13:09:26 **** Auto Build of configuration Debug for project arm0 ****
make pre-build main-build 
a9-linaro-pre-build-step
' '
'Building file: ../src/driveMotor_utilities.c'
'Invoking: ARM v7 gcc compiler'
arm-none-eabi-gcc -Wall -O0 -g3 -c -fmessage-length=0 -MT"src/driveMotor_utilities.o" -mcpu=cortex-a9 -mfpu=vfpv3 -mfloat-abi=hard -I../../arm0_bsp/ps7_cortexa9_0/include -MMD -MP -MF"src/driveMotor_utilities.d" -MT"src/driveMotor_utilities.o" -o "src/driveMotor_utilities.o" "../src/driveMotor_utilities.c"
../src/driveMotor_utilities.c: In function 'driveMotor_setPidOutput':
../src/driveMotor_utilities.c:87:8: warning: unused variable 'tempPidOut' [-Wunused-variable]
  float tempPidOut;
        ^~~~~~~~~~
'Finished building: ../src/driveMotor_utilities.c'
' '
'Building file: ../src/pid.c'
'Invoking: ARM v7 gcc compiler'
arm-none-eabi-gcc -Wall -O0 -g3 -c -fmessage-length=0 -MT"src/pid.o" -mcpu=cortex-a9 -mfpu=vfpv3 -mfloat-abi=hard -I../../arm0_bsp/ps7_cortexa9_0/include -MMD -MP -MF"src/pid.d" -MT"src/pid.o" -o "src/pid.o" "../src/pid.c"
'Finished building: ../src/pid.c'
' '
'Building file: ../src/servoMotor_utilities.c'
'Invoking: ARM v7 gcc compiler'
arm-none-eabi-gcc -Wall -O0 -g3 -c -fmessage-length=0 -MT"src/servoMotor_utilities.o" -mcpu=cortex-a9 -mfpu=vfpv3 -mfloat-abi=hard -I../../arm0_bsp/ps7_cortexa9_0/include -MMD -MP -MF"src/servoMotor_utilities.d" -MT"src/servoMotor_utilities.o" -o "src/servoMotor_utilities.o" "../src/servoMotor_utilities.c"
../src/servoMotor_utilities.c: In function 'servoMotor_pidInitialize':
../src/servoMotor_utilities.c:80:6: warning: unused variable 'Status' [-Wunused-variable]
  int Status;
      ^~~~~~
../src/servoMotor_utilities.c: In function 'servoMotor_pwmInitialize':
../src/servoMotor_utilities.c:44:1: warning: control reaches end of non-void function [-Wreturn-type]
 }
 ^
'Finished building: ../src/servoMotor_utilities.c'
' '
'Building target: arm0.elf'
'Invoking: ARM v7 gcc linker'
arm-none-eabi-gcc -mcpu=cortex-a9 -mfpu=vfpv3 -mfloat-abi=hard -Wl,-build-id=none -specs=Xilinx.spec -Wl,-T -Wl,../src/lscript.ld -L../../arm0_bsp/ps7_cortexa9_0/lib -o "arm0.elf"  ./src/driveMotor_utilities.o ./src/pid.o ./src/servoMotor_utilities.o ./src/system.o   -lm -Wl,--start-group,-lxil,-lgcc,-lc,--end-group
c:/xilinx/sdk/2019.1/gnu/aarch32/nt/gcc-arm-none-eabi/bin/../lib/gcc/arm-none-eabi/8.2.0/../../../../arm-none-eabi/bin/ld.exe: ../../arm0_bsp/ps7_cortexa9_0/lib\libxil.a(xil-crt0.o): in function `_start':
C:\Users\george\Documents\local_projects\dryrun\dryrun.sdk\arm0_bsp\ps7_cortexa9_0\libsrc\standalone_v7_0\src/xil-crt0.S:138: undefined reference to `main'
collect2.exe: error: ld returned 1 exit status
make: *** [makefile:41: arm0.elf] Error 1
13:43:18 **** Auto Build of configuration Debug for project arm0 ****
make pre-build main-build 
a9-linaro-pre-build-step
' '
'Building file: ../src/servoMotor_utilities.c'
'Invoking: ARM v7 gcc compiler'
arm-none-eabi-gcc -Wall -O0 -g3 -c -fmessage-length=0 -MT"src/servoMotor_utilities.o" -mcpu=cortex-a9 -mfpu=vfpv3 -mfloat-abi=hard -I../../arm0_bsp/ps7_cortexa9_0/include -MMD -MP -MF"src/servoMotor_utilities.d" -MT"src/servoMotor_utilities.o" -o "src/servoMotor_utilities.o" "../src/servoMotor_utilities.c"
../src/servoMotor_utilities.c: In function 'servoMotor_pidInitialize':
../src/servoMotor_utilities.c:80:6: warning: unused variable 'Status' [-Wunused-variable]
  int Status;
      ^~~~~~
../src/servoMotor_utilities.c: In function 'servoMotor_pwmInitialize':
../src/servoMotor_utilities.c:44:1: warning: control reaches end of non-void function [-Wreturn-type]
 }
 ^
'Finished building: ../src/servoMotor_utilities.c'
' '
'Building target: arm0.elf'
'Invoking: ARM v7 gcc linker'
arm-none-eabi-gcc -mcpu=cortex-a9 -mfpu=vfpv3 -mfloat-abi=hard -Wl,-build-id=none -specs=Xilinx.spec -Wl,-T -Wl,../src/lscript.ld -L../../arm0_bsp/ps7_cortexa9_0/lib -o "arm0.elf"  ./src/driveMotor_utilities.o ./src/pid.o ./src/servoMotor_utilities.o ./src/system.o   -lm -Wl,--start-group,-lxil,-lgcc,-lc,--end-group
c:/xilinx/sdk/2019.1/gnu/aarch32/nt/gcc-arm-none-eabi/bin/../lib/gcc/arm-none-eabi/8.2.0/../../../../arm-none-eabi/bin/ld.exe: ../../arm0_bsp/ps7_cortexa9_0/lib\libxil.a(xil-crt0.o): in function `_start':
C:\Users\george\Documents\local_projects\dryrun\dryrun.sdk\arm0_bsp\ps7_cortexa9_0\libsrc\standalone_v7_0\src/xil-crt0.S:138: undefined reference to `main'
collect2.exe: error: ld returned 1 exit status
make: *** [makefile:41: arm0.elf] Error 1
13:43:23 **** Auto Build of configuration Debug for project arm0 ****
make pre-build main-build 
a9-linaro-pre-build-step
' '
'Building file: ../src/servoMotor_utilities.c'
'Invoking: ARM v7 gcc compiler'
arm-none-eabi-gcc -Wall -O0 -g3 -c -fmessage-length=0 -MT"src/servoMotor_utilities.o" -mcpu=cortex-a9 -mfpu=vfpv3 -mfloat-abi=hard -I../../arm0_bsp/ps7_cortexa9_0/include -MMD -MP -MF"src/servoMotor_utilities.d" -MT"src/servoMotor_utilities.o" -o "src/servoMotor_utilities.o" "../src/servoMotor_utilities.c"
../src/servoMotor_utilities.c: In function 'servoMotor_pidInitialize':
../src/servoMotor_utilities.c:80:6: warning: unused variable 'Status' [-Wunused-variable]
  int Status;
      ^~~~~~
../src/servoMotor_utilities.c: In function 'servoMotor_pwmInitialize':
../src/servoMotor_utilities.c:44:1: warning: control reaches end of non-void function [-Wreturn-type]
 }
 ^
'Finished building: ../src/servoMotor_utilities.c'
' '
'Building target: arm0.elf'
'Invoking: ARM v7 gcc linker'
arm-none-eabi-gcc -mcpu=cortex-a9 -mfpu=vfpv3 -mfloat-abi=hard -Wl,-build-id=none -specs=Xilinx.spec -Wl,-T -Wl,../src/lscript.ld -L../../arm0_bsp/ps7_cortexa9_0/lib -o "arm0.elf"  ./src/driveMotor_utilities.o ./src/pid.o ./src/servoMotor_utilities.o ./src/system.o   -lm -Wl,--start-group,-lxil,-lgcc,-lc,--end-group
c:/xilinx/sdk/2019.1/gnu/aarch32/nt/gcc-arm-none-eabi/bin/../lib/gcc/arm-none-eabi/8.2.0/../../../../arm-none-eabi/bin/ld.exe: ../../arm0_bsp/ps7_cortexa9_0/lib\libxil.a(xil-crt0.o): in function `_start':
C:\Users\george\Documents\local_projects\dryrun\dryrun.sdk\arm0_bsp\ps7_cortexa9_0\libsrc\standalone_v7_0\src/xil-crt0.S:138: undefined reference to `main'
collect2.exe: error: ld returned 1 exit status
make: *** [makefile:41: arm0.elf] Error 1
13:43:31 **** Auto Build of configuration Debug for project arm0 ****
make pre-build main-build 
a9-linaro-pre-build-step
' '
'Building file: ../src/servoMotor_utilities.c'
'Invoking: ARM v7 gcc compiler'
arm-none-eabi-gcc -Wall -O0 -g3 -c -fmessage-length=0 -MT"src/servoMotor_utilities.o" -mcpu=cortex-a9 -mfpu=vfpv3 -mfloat-abi=hard -I../../arm0_bsp/ps7_cortexa9_0/include -MMD -MP -MF"src/servoMotor_utilities.d" -MT"src/servoMotor_utilities.o" -o "src/servoMotor_utilities.o" "../src/servoMotor_utilities.c"
../src/servoMotor_utilities.c: In function 'servoMotor_pidInitialize':
../src/servoMotor_utilities.c:80:6: warning: unused variable 'Status' [-Wunused-variable]
  int Status;
      ^~~~~~
../src/servoMotor_utilities.c: In function 'servoMotor_pwmInitialize':
../src/servoMotor_utilities.c:44:1: warning: control reaches end of non-void function [-Wreturn-type]
 }
 ^
'Finished building: ../src/servoMotor_utilities.c'
' '
'Building target: arm0.elf'
'Invoking: ARM v7 gcc linker'
arm-none-eabi-gcc -mcpu=cortex-a9 -mfpu=vfpv3 -mfloat-abi=hard -Wl,-build-id=none -specs=Xilinx.spec -Wl,-T -Wl,../src/lscript.ld -L../../arm0_bsp/ps7_cortexa9_0/lib -o "arm0.elf"  ./src/driveMotor_utilities.o ./src/pid.o ./src/servoMotor_utilities.o ./src/system.o   -lm -Wl,--start-group,-lxil,-lgcc,-lc,--end-group
c:/xilinx/sdk/2019.1/gnu/aarch32/nt/gcc-arm-none-eabi/bin/../lib/gcc/arm-none-eabi/8.2.0/../../../../arm-none-eabi/bin/ld.exe: ../../arm0_bsp/ps7_cortexa9_0/lib\libxil.a(xil-crt0.o): in function `_start':
C:\Users\george\Documents\local_projects\dryrun\dryrun.sdk\arm0_bsp\ps7_cortexa9_0\libsrc\standalone_v7_0\src/xil-crt0.S:138: undefined reference to `main'
collect2.exe: error: ld returned 1 exit status
make: *** [makefile:41: arm0.elf] Error 1
